Archive member included to satisfy reference by file (symbol)

/package/eda/altera/altera17.0/nios2eds/bin/gnu/H-x86_64-pc-linux-gnu/bin/../lib/gcc/nios2-elf/5.3.0/../../../../../H-x86_64-pc-linux-gnu/nios2-elf/lib/pg/libm.a(lib_a-sf_cos.o)
                              obj/default/kautodiff.o (cosf)
/package/eda/altera/altera17.0/nios2eds/bin/gnu/H-x86_64-pc-linux-gnu/bin/../lib/gcc/nios2-elf/5.3.0/../../../../../H-x86_64-pc-linux-gnu/nios2-elf/lib/pg/libm.a(lib_a-sf_sin.o)
                              obj/default/kautodiff.o (sinf)
/package/eda/altera/altera17.0/nios2eds/bin/gnu/H-x86_64-pc-linux-gnu/bin/../lib/gcc/nios2-elf/5.3.0/../../../../../H-x86_64-pc-linux-gnu/nios2-elf/lib/pg/libm.a(lib_a-w_log.o)
                              obj/default/kautodiff.o (log)
/package/eda/altera/altera17.0/nios2eds/bin/gnu/H-x86_64-pc-linux-gnu/bin/../lib/gcc/nios2-elf/5.3.0/../../../../../H-x86_64-pc-linux-gnu/nios2-elf/lib/pg/libm.a(lib_a-w_sqrt.o)
                              obj/default/kann.o (sqrt)
/package/eda/altera/altera17.0/nios2eds/bin/gnu/H-x86_64-pc-linux-gnu/bin/../lib/gcc/nios2-elf/5.3.0/../../../../../H-x86_64-pc-linux-gnu/nios2-elf/lib/pg/libm.a(lib_a-wf_exp.o)
                              obj/default/kautodiff.o (expf)
/package/eda/altera/altera17.0/nios2eds/bin/gnu/H-x86_64-pc-linux-gnu/bin/../lib/gcc/nios2-elf/5.3.0/../../../../../H-x86_64-pc-linux-gnu/nios2-elf/lib/pg/libm.a(lib_a-wf_log.o)
                              obj/default/kautodiff.o (logf)
/package/eda/altera/altera17.0/nios2eds/bin/gnu/H-x86_64-pc-linux-gnu/bin/../lib/gcc/nios2-elf/5.3.0/../../../../../H-x86_64-pc-linux-gnu/nios2-elf/lib/pg/libm.a(lib_a-wf_sqrt.o)
                              obj/default/kann.o (sqrtf)
/package/eda/altera/altera17.0/nios2eds/bin/gnu/H-x86_64-pc-linux-gnu/bin/../lib/gcc/nios2-elf/5.3.0/../../../../../H-x86_64-pc-linux-gnu/nios2-elf/lib/pg/libm.a(lib_a-e_log.o)
                              /package/eda/altera/altera17.0/nios2eds/bin/gnu/H-x86_64-pc-linux-gnu/bin/../lib/gcc/nios2-elf/5.3.0/../../../../../H-x86_64-pc-linux-gnu/nios2-elf/lib/pg/libm.a(lib_a-w_log.o) (__ieee754_log)
/package/eda/altera/altera17.0/nios2eds/bin/gnu/H-x86_64-pc-linux-gnu/bin/../lib/gcc/nios2-elf/5.3.0/../../../../../H-x86_64-pc-linux-gnu/nios2-elf/lib/pg/libm.a(lib_a-e_sqrt.o)
                              /package/eda/altera/altera17.0/nios2eds/bin/gnu/H-x86_64-pc-linux-gnu/bin/../lib/gcc/nios2-elf/5.3.0/../../../../../H-x86_64-pc-linux-gnu/nios2-elf/lib/pg/libm.a(lib_a-w_sqrt.o) (__ieee754_sqrt)
/package/eda/altera/altera17.0/nios2eds/bin/gnu/H-x86_64-pc-linux-gnu/bin/../lib/gcc/nios2-elf/5.3.0/../../../../../H-x86_64-pc-linux-gnu/nios2-elf/lib/pg/libm.a(lib_a-ef_exp.o)
                              /package/eda/altera/altera17.0/nios2eds/bin/gnu/H-x86_64-pc-linux-gnu/bin/../lib/gcc/nios2-elf/5.3.0/../../../../../H-x86_64-pc-linux-gnu/nios2-elf/lib/pg/libm.a(lib_a-wf_exp.o) (__ieee754_expf)
/package/eda/altera/altera17.0/nios2eds/bin/gnu/H-x86_64-pc-linux-gnu/bin/../lib/gcc/nios2-elf/5.3.0/../../../../../H-x86_64-pc-linux-gnu/nios2-elf/lib/pg/libm.a(lib_a-ef_log.o)
                              /package/eda/altera/altera17.0/nios2eds/bin/gnu/H-x86_64-pc-linux-gnu/bin/../lib/gcc/nios2-elf/5.3.0/../../../../../H-x86_64-pc-linux-gnu/nios2-elf/lib/pg/libm.a(lib_a-wf_log.o) (__ieee754_logf)
/package/eda/altera/altera17.0/nios2eds/bin/gnu/H-x86_64-pc-linux-gnu/bin/../lib/gcc/nios2-elf/5.3.0/../../../../../H-x86_64-pc-linux-gnu/nios2-elf/lib/pg/libm.a(lib_a-ef_rem_pio2.o)
                              /package/eda/altera/altera17.0/nios2eds/bin/gnu/H-x86_64-pc-linux-gnu/bin/../lib/gcc/nios2-elf/5.3.0/../../../../../H-x86_64-pc-linux-gnu/nios2-elf/lib/pg/libm.a(lib_a-sf_cos.o) (__ieee754_rem_pio2f)
/package/eda/altera/altera17.0/nios2eds/bin/gnu/H-x86_64-pc-linux-gnu/bin/../lib/gcc/nios2-elf/5.3.0/../../../../../H-x86_64-pc-linux-gnu/nios2-elf/lib/pg/libm.a(lib_a-ef_sqrt.o)
                              /package/eda/altera/altera17.0/nios2eds/bin/gnu/H-x86_64-pc-linux-gnu/bin/../lib/gcc/nios2-elf/5.3.0/../../../../../H-x86_64-pc-linux-gnu/nios2-elf/lib/pg/libm.a(lib_a-wf_sqrt.o) (__ieee754_sqrtf)
/package/eda/altera/altera17.0/nios2eds/bin/gnu/H-x86_64-pc-linux-gnu/bin/../lib/gcc/nios2-elf/5.3.0/../../../../../H-x86_64-pc-linux-gnu/nios2-elf/lib/pg/libm.a(lib_a-kf_cos.o)
                              /package/eda/altera/altera17.0/nios2eds/bin/gnu/H-x86_64-pc-linux-gnu/bin/../lib/gcc/nios2-elf/5.3.0/../../../../../H-x86_64-pc-linux-gnu/nios2-elf/lib/pg/libm.a(lib_a-sf_cos.o) (__kernel_cosf)
/package/eda/altera/altera17.0/nios2eds/bin/gnu/H-x86_64-pc-linux-gnu/bin/../lib/gcc/nios2-elf/5.3.0/../../../../../H-x86_64-pc-linux-gnu/nios2-elf/lib/pg/libm.a(lib_a-kf_rem_pio2.o)
                              /package/eda/altera/altera17.0/nios2eds/bin/gnu/H-x86_64-pc-linux-gnu/bin/../lib/gcc/nios2-elf/5.3.0/../../../../../H-x86_64-pc-linux-gnu/nios2-elf/lib/pg/libm.a(lib_a-ef_rem_pio2.o) (__kernel_rem_pio2f)
[...]
Memory Configuration

Name             Origin             Length             Attributes
reset            0x0000000008000000 0x0000000000000020
new_sdram_controller_0 0x0000000008000020 0x0000000007ffffe0
generic_tristate_controller_0 0x0000000010000000 0x0000000000800000
*default*        0x0000000000000000 0xffffffffffffffff

Linker script and memory map

LOAD ../MNIST_CNN_Software_bsp//obj/HAL/src/crt0.o
LOAD obj/default/kann.o
LOAD obj/default/kann_data.o
LOAD obj/default/kautodiff.o
LOAD obj/default/mnist-cnn.o
LOAD /package/eda/altera/altera17.0/nios2eds/bin/gnu/H-x86_64-pc-linux-gnu/bin/../lib/gcc/nios2-elf/5.3.0/../../../../../H-x86_64-pc-linux-gnu/nios2-elf/lib/pg/libstdc++.a
LOAD /package/eda/altera/altera17.0/nios2eds/bin/gnu/H-x86_64-pc-linux-gnu/bin/../lib/gcc/nios2-elf/5.3.0/../../../../../H-x86_64-pc-linux-gnu/nios2-elf/lib/pg/libm.a
LOAD /package/eda/altera/altera17.0/nios2eds/bin/gnu/H-x86_64-pc-linux-gnu/bin/../lib/gcc/nios2-elf/5.3.0/pg/libgcc.a
START GROUP
LOAD /package/eda/altera/altera17.0/nios2eds/bin/gnu/H-x86_64-pc-linux-gnu/bin/../lib/gcc/nios2-elf/5.3.0/../../../../../H-x86_64-pc-linux-gnu/nios2-elf/lib/pg/libc.a
LOAD /package/eda/altera/altera17.0/nios2eds/bin/gnu/H-x86_64-pc-linux-gnu/bin/../lib/gcc/nios2-elf/5.3.0/pg/libgcc.a
LOAD ../MNIST_CNN_Software_bsp//libhal_bsp.a
LOAD /package/eda/altera/altera17.0/nios2eds/bin/gnu/H-x86_64-pc-linux-gnu/bin/../lib/gcc/nios2-elf/5.3.0/../../../../../H-x86_64-pc-linux-gnu/nios2-elf/lib/pg/libm.a
END GROUP
LOAD /package/eda/altera/altera17.0/nios2eds/bin/gnu/H-x86_64-pc-linux-gnu/bin/../lib/gcc/nios2-elf/5.3.0/pg/libgcc.a
                0x0000000008000000                __alt_mem_new_sdram_controller_0 = 0x8000000
                0x0000000010000000                __alt_mem_generic_tristate_controller_0 = 0x10000000

.entry          0x0000000008000000       0x20
 *(.entry)
 .entry         0x0000000008000000       0x20 ../MNIST_CNN_Software_bsp//obj/HAL/src/crt0.o
                0x0000000008000000                __reset

.exceptions     0x0000000008000020      0x13c
                0x0000000008000020                PROVIDE (__ram_exceptions_start, ABSOLUTE (.))
                0x0000000008000020                . = ALIGN (0x20)
 *(.irq)
 *(.exceptions.entry.label)
 .exceptions.entry.label
                0x0000000008000020        0x0 ../MNIST_CNN_Software_bsp//libhal_bsp.a(alt_irq_entry.o)
                0x0000000008000020                alt_irq_entry
 .exceptions.entry.label
                0x0000000008000020        0x0 ../MNIST_CNN_Software_bsp//libhal_bsp.a(alt_exception_entry.o)
                0x0000000008000020                alt_exception
 *(.exceptions.entry.user)
 *(.exceptions.entry.ecc_fatal)
 *(.exceptions.entry)
 .exceptions.entry
                0x0000000008000020       0x54 ../MNIST_CNN_Software_bsp//libhal_bsp.a(alt_exception_entry.o)
 *(.exceptions.irqtest.user)
 *(.exceptions.irqtest)
 .exceptions.irqtest
                0x0000000008000074       0x10 ../MNIST_CNN_Software_bsp//libhal_bsp.a(alt_irq_entry.o)
 *(.exceptions.irqhandler.user)
 *(.exceptions.irqhandler)
 .exceptions.irqhandler
                0x0000000008000084        0x4 ../MNIST_CNN_Software_bsp//libhal_bsp.a(alt_irq_entry.o)
 *(.exceptions.irqreturn.user)
 *(.exceptions.irqreturn)
 .exceptions.irqreturn
                0x0000000008000088        0x4 ../MNIST_CNN_Software_bsp//libhal_bsp.a(alt_irq_entry.o)
 *(.exceptions.notirq.label)
 .exceptions.notirq.label
                0x000000000800008c        0x0 ../MNIST_CNN_Software_bsp//libhal_bsp.a(alt_irq_entry.o)
 *(.exceptions.notirq.user)
 *(.exceptions.notirq)
 .exceptions.notirq
                0x000000000800008c        0x8 ../MNIST_CNN_Software_bsp//libhal_bsp.a(alt_exception_entry.o)
 *(.exceptions.soft.user)
 *(.exceptions.soft)
 *(.exceptions.unknown.user)
 *(.exceptions.unknown)
 .exceptions.unknown
                0x0000000008000094        0x4 ../MNIST_CNN_Software_bsp//libhal_bsp.a(alt_exception_entry.o)
 *(.exceptions.exit.label)
 .exceptions.exit.label
                0x0000000008000098        0x0 ../MNIST_CNN_Software_bsp//libhal_bsp.a(alt_irq_entry.o)
 .exceptions.exit.label
                0x0000000008000098        0x0 ../MNIST_CNN_Software_bsp//libhal_bsp.a(alt_exception_entry.o)
 *(.exceptions.exit.user)
 *(.exceptions.exit)
 .exceptions.exit
                0x0000000008000098       0x54 ../MNIST_CNN_Software_bsp//libhal_bsp.a(alt_exception_entry.o)
 *(.exceptions)
 .exceptions    0x00000000080000ec       0x70 ../MNIST_CNN_Software_bsp//libhal_bsp.a(alt_irq_handler.o)
                0x00000000080000ec                alt_irq_handler
                0x000000000800015c                PROVIDE (__ram_exceptions_end, ABSOLUTE (.))
                0x0000000008000020                PROVIDE (__flash_exceptions_start, LOADADDR (.exceptions))

.text           0x000000000800015c    0x35068
                0x000000000800015c                PROVIDE (stext, ABSOLUTE (.))
 *(.interp)
 *(.hash)
 *(.dynsym)
 *(.dynstr)
 *(.gnu.version)
 *(.gnu.version_d)
 *(.gnu.version_r)
 *(.rel.init)
 *(.rela.init)
 *(.rel.text .rel.text.* .rel.gnu.linkonce.t.*)
 *(.rela.text .rela.text.* .rela.gnu.linkonce.t.*)
 *(.rel.fini)
 *(.rela.fini)
 *(.rel.rodata .rel.rodata.* .rel.gnu.linkonce.r.*)
 *(.rela.rodata .rela.rodata.* .rela.gnu.linkonce.r.*)
 *(.rel.data .rel.data.* .rel.gnu.linkonce.d.*)
 *(.rela.data .rela.data.* .rela.gnu.linkonce.d.*)
 *(.rel.tdata .rel.tdata.* .rel.gnu.linkonce.td.*)
 *(.rela.tdata .rela.tdata.* .rela.gnu.linkonce.td.*)
 *(.rel.tbss .rel.tbss.* .rel.gnu.linkonce.tb.*)
 *(.rela.tbss .rela.tbss.* .rela.gnu.linkonce.tb.*)
 *(.rel.ctors)
 *(.rela.ctors)
 *(.rel.dtors)
 *(.rela.dtors)
 *(.rel.got)
 *(.rela.got)
 *(.rel.sdata .rel.sdata.* .rel.gnu.linkonce.s.*)
 *(.rela.sdata .rela.sdata.* .rela.gnu.linkonce.s.*)
 *(.rel.sbss .rel.sbss.* .rel.gnu.linkonce.sb.*)
 *(.rela.sbss .rela.sbss.* .rela.gnu.linkonce.sb.*)
 *(.rel.sdata2 .rel.sdata2.* .rel.gnu.linkonce.s2.*)
 *(.rela.sdata2 .rela.sdata2.* .rela.gnu.linkonce.s2.*)
 *(.rel.sbss2 .rel.sbss2.* .rel.gnu.linkonce.sb2.*)
 *(.rela.sbss2 .rela.sbss2.* .rela.gnu.linkonce.sb2.*)
 *(.rel.bss .rel.bss.* .rel.gnu.linkonce.b.*)
 *(.rela.bss .rela.bss.* .rela.gnu.linkonce.b.*)
 *(.rel.plt)
 *(.rela.plt)
 *(.rel.dyn)
 *(.init)
 *(.plt)
 *(.text .stub .text.* .gnu.linkonce.t.*)
 .text          0x000000000800015c       0x4c ../MNIST_CNN_Software_bsp//obj/HAL/src/crt0.o
                0x000000000800015c                _start
 .text          0x00000000080001a8     0x65c4 obj/default/kann.o
                0x0000000008000fb4                kann_new
                0x0000000008001184                kann_clone
                0x0000000008001210                kann_unroll_array
                0x00000000080012a0                kann_unroll
                0x000000000800138c                kann_delete_unrolled
                0x00000000080013d0                kann_delete
                0x0000000008001430                kann_find
                0x000000000800153c                kann_feed_bind
                0x00000000080016a8                kann_feed_dim
                0x0000000008001a70                kann_eval
                0x0000000008001bc0                kann_rnn_start
                0x0000000008001d20                kann_rnn_end
                0x0000000008001f00                kann_mt
                0x0000000008001f10                kann_cost
                0x0000000008002028                kann_class_error
                0x0000000008002040                kann_switch
                0x00000000080020a0                kann_save_fp
                0x000000000800216c                kann_save
                0x0000000008002264                kann_load_fp
                0x0000000008002498                kann_load
                0x0000000008002534                kann_new_leaf_array
                0x00000000080027e8                kann_new_leaf2
                0x0000000008002ad8                kann_layer_dense2
                0x0000000008002c08                kann_layer_dropout2
                0x0000000008002c6c                kann_layer_layernorm2
                0x0000000008002d9c                kann_layer_rnn2
                0x0000000008003124                kann_layer_gru2
                0x0000000008003d74                kann_new_leaf
                0x0000000008003ff0                kann_new_scalar
                0x0000000008004008                kann_new_weight
                0x0000000008004040                kann_new_vec
                0x000000000800405c                kann_new_bias
                0x000000000800407c                kann_new_weight_conv2d
                0x00000000080040bc                kann_new_weight_conv1d
                0x00000000080040f8                kann_layer_input
                0x0000000008004134                kann_layer_dense
                0x000000000800424c                kann_layer_dropout
                0x00000000080042bc                kann_layer_layernorm
                0x00000000080043d4                kann_layer_rnn
                0x0000000008004488                kann_layer_gru
                0x000000000800453c                kann_layer_lstm
                0x0000000008004a98                kann_layer_conv2d
                0x0000000008004b30                kann_layer_conv1d
                0x0000000008004ba4                kann_layer_cost
                0x0000000008004dc4                kann_shuffle
                0x0000000008004ea8                kann_RMSprop
                0x000000000800507c                kann_grad_clip
                0x000000000800520c                kann_train_fnn1
                0x0000000008006068                kann_cost_fnn1
                0x0000000008006648                kann_apply1
 .text          0x000000000800676c      0x5d0 obj/default/kann_data.o
                0x000000000800676c                kann_data_read
                0x0000000008006c54                kann_data_free
 .text          0x0000000008006d3c    0x12ed8 obj/default/kautodiff.o
                0x0000000008006d3c                kad_op_mse
                0x00000000080071f0                kad_op_max2d
                0x0000000008007718                kad_op_max1d
                0x0000000008007b44                kad_op_avg1d
                0x0000000008008110                kad_op_reduce_sum
                0x0000000008008520                kad_op_reduce_mean
                0x00000000080089a0                kad_op_square
                0x0000000008008b0c                kad_op_relu
                0x0000000008008c98                kad_op_max
                0x0000000008008f24                kad_op_mul
                0x00000000080092bc                kad_op_add
                0x000000000800959c                kad_op_sub
                0x000000000800987c                kad_op_1minus
                0x00000000080099c0                kad_op_slice
                0x0000000008009cf0                kad_op_concat
                0x000000000800a158                kad_op_reshape
                0x000000000800abc4                kad_op_reverse
                0x000000000800af50                kad_op_avg
                0x000000000800b210                kad_op_stack
                0x000000000800b474                kad_op_select
                0x000000000800b664                kad_op_conv1d
                0x000000000800cab8                kad_op_ce_bin
                0x000000000800cf0c                kad_op_ce_bin_neg
                0x000000000800d3cc                kad_op_ce_multi
                0x000000000800d894                kad_op_stdnorm
                0x000000000800de5c                kad_op_exp
                0x000000000800dfd0                kad_op_sigm
                0x000000000800e17c                kad_op_tanh
                0x000000000800e378                kad_op_softmax
                0x000000000800e6c4                kad_op_log
                0x000000000800e830                kad_op_sin
                0x000000000800e994                kad_op_cmul
                0x000000000800f03c                kad_op_matmul
                0x000000000800f728                kad_op_dropout
                0x000000000800fbd8                kad_op_conv2d
                0x0000000008011d50                kad_const
                0x0000000008011de8                kad_feed
                0x0000000008011e74                kad_var
                0x0000000008011f14                kad_add
                0x0000000008012034                kad_sub
                0x000000000801214c                kad_mul
                0x0000000008012264                kad_cmul
                0x000000000801237c                kad_matmul
                0x0000000008012494                kad_ce_multi
                0x00000000080125ac                kad_ce_bin
                0x00000000080126c4                kad_ce_bin_neg
                0x00000000080127dc                kad_mse
                0x00000000080128f4                kad_log
                0x0000000008012a04                kad_exp
                0x0000000008012b14                kad_sin
                0x0000000008012c24                kad_square
                0x0000000008012d34                kad_sigm
                0x0000000008012e44                kad_tanh
                0x0000000008012f54                kad_relu
                0x0000000008013064                kad_1minus
                0x0000000008013174                kad_softmax
                0x0000000008013284                kad_stdnorm
                0x0000000008013394                kad_conv2d
                0x000000000801367c                kad_max2d
                0x0000000008013940                kad_conv1d
                0x0000000008013b5c                kad_max1d
                0x0000000008013d64                kad_avg1d
                0x0000000008013f6c                kad_avg
                0x00000000080140cc                kad_max
                0x000000000801422c                kad_stack
                0x000000000801438c                kad_select
                0x0000000008014508                kad_reduce_sum
                0x0000000008014648                kad_reduce_mean
                0x0000000008014788                kad_dropout
                0x0000000008014acc                kad_sample_normal
                0x0000000008014e08                kad_slice
                0x0000000008014f78                kad_concat_array
                0x00000000080150e4                kad_concat
                0x00000000080152d4                kad_reshape
                0x000000000801544c                kad_reverse
                0x000000000801558c                kad_switch
                0x00000000080156f4                kad_sync_dim
                0x0000000008015890                kad_compile_array
                0x0000000008015c88                kad_compile
                0x0000000008015d28                kad_delete
                0x0000000008015dd8                kad_size_var
                0x0000000008015e6c                kad_size_const
                0x0000000008015f00                kad_eval_marked
                0x000000000801607c                kad_eval_at
                0x0000000008016258                kad_grad
                0x00000000080164e0                kad_save
                0x00000000080166e8                kad_load
                0x0000000008016a4c                kad_clone
                0x0000000008016f78                kad_n_pivots
                0x0000000008016fd4                kad_unroll
                0x0000000008018014                kad_vec_mul_sum
                0x000000000801809c                kad_saxpy
                0x0000000008018120                kad_sgemm_simple
                0x000000000801852c                kad_srand
                0x00000000080186a8                kad_rng
                0x00000000080188fc                kad_rand
                0x00000000080189cc                kad_drand
                0x0000000008018ab4                kad_drand_normal
                0x0000000008018de0                kad_op_sample_normal
                0x0000000008018ffc                kad_trap_fe
                0x000000000801900c                kad_print_graph
                0x000000000801928c                kad_check_grad
 .text.unlikely
                0x0000000008019c14      0x210 obj/default/kautodiff.o
 .text          0x0000000008019e24        0x0 obj/default/mnist-cnn.o
 .text.startup  0x0000000008019e24      0x674 obj/default/mnist-cnn.o
                0x0000000008019e24                main
 .text          0x000000000801a498        0x0 /package/eda/altera/altera17.0/nios2eds/bin/gnu/H-x86_64-pc-linux-gnu/bin/../lib/gcc/nios2-elf/5.3.0/../../../../../H-x86_64-pc-linux-gnu/nios2-elf/lib/pg/libm.a(lib_a-sf_cos.o)
 .text.cosf     0x000000000801a498       0xbc /package/eda/altera/altera17.0/nios2eds/bin/gnu/H-x86_64-pc-linux-gnu/bin/../lib/gcc/nios2-elf/5.3.0/../../../../../H-x86_64-pc-linux-gnu/nios2-elf/lib/pg/libm.a(lib_a-sf_cos.o)
                0x000000000801a498                cosf
 .text          0x000000000801a554        0x0 /package/eda/altera/altera17.0/nios2eds/bin/gnu/H-x86_64-pc-linux-gnu/bin/../lib/gcc/nios2-elf/5.3.0/../../../../../H-x86_64-pc-linux-gnu/nios2-elf/lib/pg/libm.a(lib_a-sf_sin.o)
 .text.sinf     0x000000000801a554       0xbc /package/eda/altera/altera17.0/nios2eds/bin/gnu/H-x86_64-pc-linux-gnu/bin/../lib/gcc/nios2-elf/5.3.0/../../../../../H-x86_64-pc-linux-gnu/nios2-elf/lib/pg/libm.a(lib_a-sf_sin.o)
                0x000000000801a554                sinf
 .text          0x000000000801a610        0x0 /package/eda/altera/altera17.0/nios2eds/bin/gnu/H-x86_64-pc-linux-gnu/bin/../lib/gcc/nios2-elf/5.3.0/../../../../../H-x86_64-pc-linux-gnu/nios2-elf/lib/pg/libm.a(lib_a-w_log.o)
 .text.log      0x000000000801a610      0x1a8 /package/eda/altera/altera17.0/nios2eds/bin/gnu/H-x86_64-pc-linux-gnu/bin/../lib/gcc/nios2-elf/5.3.0/../../../../../H-x86_64-pc-linux-gnu/nios2-elf/lib/pg/libm.a(lib_a-w_log.o)
                0x000000000801a610                log
 .text          0x000000000801a7b8        0x0 /package/eda/altera/altera17.0/nios2eds/bin/gnu/H-x86_64-pc-linux-gnu/bin/../lib/gcc/nios2-elf/5.3.0/../../../../../H-x86_64-pc-linux-gnu/nios2-elf/lib/pg/libm.a(lib_a-w_sqrt.o)
 .text.sqrt     0x000000000801a7b8      0x13c /package/eda/altera/altera17.0/nios2eds/bin/gnu/H-x86_64-pc-linux-gnu/bin/../lib/gcc/nios2-elf/5.3.0/../../../../../H-x86_64-pc-linux-gnu/nios2-elf/lib/pg/libm.a(lib_a-w_sqrt.o)
                0x000000000801a7b8                sqrt
 .text          0x000000000801a8f4        0x0 /package/eda/altera/altera17.0/nios2eds/bin/gnu/H-x86_64-pc-linux-gnu/bin/../lib/gcc/nios2-elf/5.3.0/../../../../../H-x86_64-pc-linux-gnu/nios2-elf/lib/pg/libm.a(lib_a-wf_exp.o)
 .text.expf     0x000000000801a8f4      0x178 /package/eda/altera/altera17.0/nios2eds/bin/gnu/H-x86_64-pc-linux-gnu/bin/../lib/gcc/nios2-elf/5.3.0/../../../../../H-x86_64-pc-linux-gnu/nios2-elf/lib/pg/libm.a(lib_a-wf_exp.o)
                0x000000000801a8f4                expf
 .text          0x000000000801aa6c        0x0 /package/eda/altera/altera17.0/nios2eds/bin/gnu/H-x86_64-pc-linux-gnu/bin/../lib/gcc/nios2-elf/5.3.0/../../../../../H-x86_64-pc-linux-gnu/nios2-elf/lib/pg/libm.a(lib_a-wf_log.o)
 .text.logf     0x000000000801aa6c      0x184 /package/eda/altera/altera17.0/nios2eds/bin/gnu/H-x86_64-pc-linux-gnu/bin/../lib/gcc/nios2-elf/5.3.0/../../../../../H-x86_64-pc-linux-gnu/nios2-elf/lib/pg/libm.a(lib_a-wf_log.o)
                0x000000000801aa6c                logf
 .text          0x000000000801abf0        0x0 /package/eda/altera/altera17.0/nios2eds/bin/gnu/H-x86_64-pc-linux-gnu/bin/../lib/gcc/nios2-elf/5.3.0/../../../../../H-x86_64-pc-linux-gnu/nios2-elf/lib/pg/libm.a(lib_a-wf_sqrt.o)
 .text.sqrtf    0x000000000801abf0      0x120 /package/eda/altera/altera17.0/nios2eds/bin/gnu/H-x86_64-pc-linux-gnu/bin/../lib/gcc/nios2-elf/5.3.0/../../../../../H-x86_64-pc-linux-gnu/nios2-elf/lib/pg/libm.a(lib_a-wf_sqrt.o)
                0x000000000801abf0                sqrtf
 .text          0x000000000801ad10        0x0 /package/eda/altera/altera17.0/nios2eds/bin/gnu/H-x86_64-pc-linux-gnu/bin/../lib/gcc/nios2-elf/5.3.0/../../../../../H-x86_64-pc-linux-gnu/nios2-elf/lib/pg/libm.a(lib_a-e_log.o)
 .text.__ieee754_log
                0x000000000801ad10      0x728 /package/eda/altera/altera17.0/nios2eds/bin/gnu/H-x86_64-pc-linux-gnu/bin/../lib/gcc/nios2-elf/5.3.0/../../../../../H-x86_64-pc-linux-gnu/nios2-elf/lib/pg/libm.a(lib_a-e_log.o)
                0x000000000801ad10                __ieee754_log
 .text          0x000000000801b438        0x0 /package/eda/altera/altera17.0/nios2eds/bin/gnu/H-x86_64-pc-linux-gnu/bin/../lib/gcc/nios2-elf/5.3.0/../../../../../H-x86_64-pc-linux-gnu/nios2-elf/lib/pg/libm.a(lib_a-e_sqrt.o)
 .text.__ieee754_sqrt
                0x000000000801b438      0x294 /package/eda/altera/altera17.0/nios2eds/bin/gnu/H-x86_64-pc-linux-gnu/bin/../lib/gcc/nios2-elf/5.3.0/../../../../../H-x86_64-pc-linux-gnu/nios2-elf/lib/pg/libm.a(lib_a-e_sqrt.o)
                0x000000000801b438                __ieee754_sqrt
 .text          0x000000000801b6cc        0x0 /package/eda/altera/altera17.0/nios2eds/bin/gnu/H-x86_64-pc-linux-gnu/bin/../lib/gcc/nios2-elf/5.3.0/../../../../../H-x86_64-pc-linux-gnu/nios2-elf/lib/pg/libm.a(lib_a-ef_exp.o)
 .text.__ieee754_expf
                0x000000000801b6cc      0x33c /package/eda/altera/altera17.0/nios2eds/bin/gnu/H-x86_64-pc-linux-gnu/bin/../lib/gcc/nios2-elf/5.3.0/../../../../../H-x86_64-pc-linux-gnu/nios2-elf/lib/pg/libm.a(lib_a-ef_exp.o)
                0x000000000801b6cc                __ieee754_expf
 .text          0x000000000801ba08        0x0 /package/eda/altera/altera17.0/nios2eds/bin/gnu/H-x86_64-pc-linux-gnu/bin/../lib/gcc/nios2-elf/5.3.0/../../../../../H-x86_64-pc-linux-gnu/nios2-elf/lib/pg/libm.a(lib_a-ef_log.o)
 .text.__ieee754_logf
                0x000000000801ba08      0x4a4 /package/eda/altera/altera17.0/nios2eds/bin/gnu/H-x86_64-pc-linux-gnu/bin/../lib/gcc/nios2-elf/5.3.0/../../../../../H-x86_64-pc-linux-gnu/nios2-elf/lib/pg/libm.a(lib_a-ef_log.o)
                0x000000000801ba08                __ieee754_logf
 .text          0x000000000801beac        0x0 /package/eda/altera/altera17.0/nios2eds/bin/gnu/H-x86_64-pc-linux-gnu/bin/../lib/gcc/nios2-elf/5.3.0/../../../../../H-x86_64-pc-linux-gnu/nios2-elf/lib/pg/libm.a(lib_a-ef_rem_pio2.o)
 .text.__ieee754_rem_pio2f
                0x000000000801beac      0x530 /package/eda/altera/altera17.0/nios2eds/bin/gnu/H-x86_64-pc-linux-gnu/bin/../lib/gcc/nios2-elf/5.3.0/../../../../../H-x86_64-pc-linux-gnu/nios2-elf/lib/pg/libm.a(lib_a-ef_rem_pio2.o)
                0x000000000801beac                __ieee754_rem_pio2f
 .text          0x000000000801c3dc        0x0 /package/eda/altera/altera17.0/nios2eds/bin/gnu/H-x86_64-pc-linux-gnu/bin/../lib/gcc/nios2-elf/5.3.0/../../../../../H-x86_64-pc-linux-gnu/nios2-elf/lib/pg/libm.a(lib_a-ef_sqrt.o)
 .text.__ieee754_sqrtf
                0x000000000801c3dc      0x160 /package/eda/altera/altera17.0/nios2eds/bin/gnu/H-x86_64-pc-linux-gnu/bin/../lib/gcc/nios2-elf/5.3.0/../../../../../H-x86_64-pc-linux-gnu/nios2-elf/lib/pg/libm.a(lib_a-ef_sqrt.o)
                0x000000000801c3dc                __ieee754_sqrtf
 .text          0x000000000801c53c        0x0 /package/eda/altera/altera17.0/nios2eds/bin/gnu/H-x86_64-pc-linux-gnu/bin/../lib/gcc/nios2-elf/5.3.0/../../../../../H-x86_64-pc-linux-gnu/nios2-elf/lib/pg/libm.a(lib_a-kf_cos.o)
 .text.__kernel_cosf
                0x000000000801c53c      0x2d8 /package/eda/altera/altera17.0/nios2eds/bin/gnu/H-x86_64-pc-linux-gnu/bin/../lib/gcc/nios2-elf/5.3.0/../../../../../H-x86_64-pc-linux-gnu/nios2-elf/lib/pg/libm.a(lib_a-kf_cos.o)
                0x000000000801c53c                __kernel_cosf
 .text          0x000000000801c814        0x0 /package/eda/altera/altera17.0/nios2eds/bin/gnu/H-x86_64-pc-linux-gnu/bin/../lib/gcc/nios2-elf/5.3.0/../../../../../H-x86_64-pc-linux-gnu/nios2-elf/lib/pg/libm.a(lib_a-kf_rem_pio2.o)
 .text.__kernel_rem_pio2f
                0x000000000801c814      0xb10 /package/eda/altera/altera17.0/nios2eds/bin/gnu/H-x86_64-pc-linux-gnu/bin/../lib/gcc/nios2-elf/5.3.0/../../../../../H-x86_64-pc-linux-gnu/nios2-elf/lib/pg/libm.a(lib_a-kf_rem_pio2.o)
                0x000000000801c814                __kernel_rem_pio2f
 .text          0x000000000801d324        0x0 /package/eda/altera/altera17.0/nios2eds/bin/gnu/H-x86_64-pc-linux-gnu/bin/../lib/gcc/nios2-elf/5.3.0/../../../../../H-x86_64-pc-linux-gnu/nios2-elf/lib/pg/libm.a(lib_a-kf_sin.o)
 .text.__kernel_sinf
                0x000000000801d324      0x1c4 /package/eda/altera/altera17.0/nios2eds/bin/gnu/H-x86_64-pc-linux-gnu/bin/../lib/gcc/nios2-elf/5.3.0/../../../../../H-x86_64-pc-linux-gnu/nios2-elf/lib/pg/libm.a(lib_a-kf_sin.o)
                0x000000000801d324                __kernel_sinf
 .text          0x000000000801d4e8        0x0 /package/eda/altera/altera17.0/nios2eds/bin/gnu/H-x86_64-pc-linux-gnu/bin/../lib/gcc/nios2-elf/5.3.0/../../../../../H-x86_64-pc-linux-gnu/nios2-elf/lib/pg/libm.a(lib_a-s_fpclassify.o)
 .text.__fpclassifyd
                0x000000000801d4e8       0x80 /package/eda/altera/altera17.0/nios2eds/bin/gnu/H-x86_64-pc-linux-gnu/bin/../lib/gcc/nios2-elf/5.3.0/../../../../../H-x86_64-pc-linux-gnu/nios2-elf/lib/pg/libm.a(lib_a-s_fpclassify.o)
                0x000000000801d4e8                __fpclassifyd
 .text          0x000000000801d568        0x0 /package/eda/altera/altera17.0/nios2eds/bin/gnu/H-x86_64-pc-linux-gnu/bin/../lib/gcc/nios2-elf/5.3.0/../../../../../H-x86_64-pc-linux-gnu/nios2-elf/lib/pg/libm.a(lib_a-s_lib_ver.o)
 .text          0x000000000801d568        0x0 /package/eda/altera/altera17.0/nios2eds/bin/gnu/H-x86_64-pc-linux-gnu/bin/../lib/gcc/nios2-elf/5.3.0/../../../../../H-x86_64-pc-linux-gnu/nios2-elf/lib/pg/libm.a(lib_a-s_matherr.o)
 .text.matherr  0x000000000801d568       0x14 /package/eda/altera/altera17.0/nios2eds/bin/gnu/H-x86_64-pc-linux-gnu/bin/../lib/gcc/nios2-elf/5.3.0/../../../../../H-x86_64-pc-linux-gnu/nios2-elf/lib/pg/libm.a(lib_a-s_matherr.o)
                0x000000000801d568                matherr
 .text          0x000000000801d57c        0x0 /package/eda/altera/altera17.0/nios2eds/bin/gnu/H-x86_64-pc-linux-gnu/bin/../lib/gcc/nios2-elf/5.3.0/../../../../../H-x86_64-pc-linux-gnu/nios2-elf/lib/pg/libm.a(lib_a-s_nan.o)
 .text.nan      0x000000000801d57c       0x18 /package/eda/altera/altera17.0/nios2eds/bin/gnu/H-x86_64-pc-linux-gnu/bin/../lib/gcc/nios2-elf/5.3.0/../../../../../H-x86_64-pc-linux-gnu/nios2-elf/lib/pg/libm.a(lib_a-s_nan.o)
                0x000000000801d57c                nan
 .text          0x000000000801d594        0x0 /package/eda/altera/altera17.0/nios2eds/bin/gnu/H-x86_64-pc-linux-gnu/bin/../lib/gcc/nios2-elf/5.3.0/../../../../../H-x86_64-pc-linux-gnu/nios2-elf/lib/pg/libm.a(lib_a-sf_fabs.o)
 .text.fabsf    0x000000000801d594       0x1c /package/eda/altera/altera17.0/nios2eds/bin/gnu/H-x86_64-pc-linux-gnu/bin/../lib/gcc/nios2-elf/5.3.0/../../../../../H-x86_64-pc-linux-gnu/nios2-elf/lib/pg/libm.a(lib_a-sf_fabs.o)
                0x000000000801d594                fabsf
 .text          0x000000000801d5b0        0x0 /package/eda/altera/altera17.0/nios2eds/bin/gnu/H-x86_64-pc-linux-gnu/bin/../lib/gcc/nios2-elf/5.3.0/../../../../../H-x86_64-pc-linux-gnu/nios2-elf/lib/pg/libm.a(lib_a-sf_finite.o)
 .text.finitef  0x000000000801d5b0       0x24 /package/eda/altera/altera17.0/nios2eds/bin/gnu/H-x86_64-pc-linux-gnu/bin/../lib/gcc/nios2-elf/5.3.0/../../../../../H-x86_64-pc-linux-gnu/nios2-elf/lib/pg/libm.a(lib_a-sf_finite.o)
                0x000000000801d5b0                finitef
 .text          0x000000000801d5d4        0x0 /package/eda/altera/altera17.0/nios2eds/bin/gnu/H-x86_64-pc-linux-gnu/bin/../lib/gcc/nios2-elf/5.3.0/../../../../../H-x86_64-pc-linux-gnu/nios2-elf/lib/pg/libm.a(lib_a-sf_floor.o)
 .text.floorf   0x000000000801d5d4      0x110 /package/eda/altera/altera17.0/nios2eds/bin/gnu/H-x86_64-pc-linux-gnu/bin/../lib/gcc/nios2-elf/5.3.0/../../../../../H-x86_64-pc-linux-gnu/nios2-elf/lib/pg/libm.a(lib_a-sf_floor.o)
                0x000000000801d5d4                floorf
 .text          0x000000000801d6e4        0x0 /package/eda/altera/altera17.0/nios2eds/bin/gnu/H-x86_64-pc-linux-gnu/bin/../lib/gcc/nios2-elf/5.3.0/../../../../../H-x86_64-pc-linux-gnu/nios2-elf/lib/pg/libm.a(lib_a-sf_fpclassify.o)
 .text.__fpclassifyf
                0x000000000801d6e4       0x64 /package/eda/altera/altera17.0/nios2eds/bin/gnu/H-x86_64-pc-linux-gnu/bin/../lib/gcc/nios2-elf/5.3.0/../../../../../H-x86_64-pc-linux-gnu/nios2-elf/lib/pg/libm.a(lib_a-sf_fpclassify.o)
                0x000000000801d6e4                __fpclassifyf
 .text          0x000000000801d748        0x0 /package/eda/altera/altera17.0/nios2eds/bin/gnu/H-x86_64-pc-linux-gnu/bin/../lib/gcc/nios2-elf/5.3.0/../../../../../H-x86_64-pc-linux-gnu/nios2-elf/lib/pg/libm.a(lib_a-sf_scalbn.o)
 .text.scalbnf  0x000000000801d748      0x150 /package/eda/altera/altera17.0/nios2eds/bin/gnu/H-x86_64-pc-linux-gnu/bin/../lib/gcc/nios2-elf/5.3.0/../../../../../H-x86_64-pc-linux-gnu/nios2-elf/lib/pg/libm.a(lib_a-sf_scalbn.o)
                0x000000000801d748                scalbnf
 .text          0x000000000801d898        0x0 /package/eda/altera/altera17.0/nios2eds/bin/gnu/H-x86_64-pc-linux-gnu/bin/../lib/gcc/nios2-elf/5.3.0/../../../../../H-x86_64-pc-linux-gnu/nios2-elf/lib/pg/libm.a(lib_a-sf_copysign.o)
 .text.copysignf
                0x000000000801d898       0x24 /package/eda/altera/altera17.0/nios2eds/bin/gnu/H-x86_64-pc-linux-gnu/bin/../lib/gcc/nios2-elf/5.3.0/../../../../../H-x86_64-pc-linux-gnu/nios2-elf/lib/pg/libm.a(lib_a-sf_copysign.o)
                0x000000000801d898                copysignf
 .text          0x000000000801d8bc       0x6c /package/eda/altera/altera17.0/nios2eds/bin/gnu/H-x86_64-pc-linux-gnu/bin/../lib/gcc/nios2-elf/5.3.0/pg/libgcc.a(_muldi3.o)
                0x000000000801d8bc                __muldi3
 .text          0x000000000801d928       0x6c /package/eda/altera/altera17.0/nios2eds/bin/gnu/H-x86_64-pc-linux-gnu/bin/../lib/gcc/nios2-elf/5.3.0/pg/libgcc.a(_fixunssfsi.o)
                0x000000000801d928                __fixunssfsi
 .text          0x000000000801d994      0x1e0 /package/eda/altera/altera17.0/nios2eds/bin/gnu/H-x86_64-pc-linux-gnu/bin/../lib/gcc/nios2-elf/5.3.0/pg/libgcc.a(lib2-divmod.o)
                0x000000000801d994                __divsi3
                0x000000000801da24                __modsi3
                0x000000000801daa4                __udivsi3
                0x000000000801db14                __umodsi3
 .text          0x000000000801db74        0x0 /package/eda/altera/altera17.0/nios2eds/bin/gnu/H-x86_64-pc-linux-gnu/bin/../lib/gcc/nios2-elf/5.3.0/pg/libgcc.a(lib2-divtable.o)
 .text          0x000000000801db74      0x4d4 /package/eda/altera/altera17.0/nios2eds/bin/gnu/H-x86_64-pc-linux-gnu/bin/../lib/gcc/nios2-elf/5.3.0/pg/libgcc.a(addsf3.o)
                0x000000000801db74                __addsf3
 .text          0x000000000801e048      0x44c /package/eda/altera/altera17.0/nios2eds/bin/gnu/H-x86_64-pc-linux-gnu/bin/../lib/gcc/nios2-elf/5.3.0/pg/libgcc.a(divsf3.o)
                0x000000000801e048                __divsf3
 .text          0x000000000801e494       0x80 /package/eda/altera/altera17.0/nios2eds/bin/gnu/H-x86_64-pc-linux-gnu/bin/../lib/gcc/nios2-elf/5.3.0/pg/libgcc.a(eqsf2.o)
                0x000000000801e494                __nesf2
                0x000000000801e494                __eqsf2
 .text          0x000000000801e514       0xc4 /package/eda/altera/altera17.0/nios2eds/bin/gnu/H-x86_64-pc-linux-gnu/bin/../lib/gcc/nios2-elf/5.3.0/pg/libgcc.a(gesf2.o)
                0x000000000801e514                __gtsf2
                0x000000000801e514                __gesf2
 .text          0x000000000801e5d8       0xe0 /package/eda/altera/altera17.0/nios2eds/bin/gnu/H-x86_64-pc-linux-gnu/bin/../lib/gcc/nios2-elf/5.3.0/pg/libgcc.a(lesf2.o)
                0x000000000801e5d8                __lesf2
                0x000000000801e5d8                __ltsf2
 .text          0x000000000801e6b8      0x408 /package/eda/altera/altera17.0/nios2eds/bin/gnu/H-x86_64-pc-linux-gnu/bin/../lib/gcc/nios2-elf/5.3.0/pg/libgcc.a(mulsf3.o)
                0x000000000801e6b8                __mulsf3
 .text          0x000000000801eac0      0x4f0 /package/eda/altera/altera17.0/nios2eds/bin/gnu/H-x86_64-pc-linux-gnu/bin/../lib/gcc/nios2-elf/5.3.0/pg/libgcc.a(subsf3.o)
                0x000000000801eac0                __subsf3
 .text          0x000000000801efb0       0x7c /package/eda/altera/altera17.0/nios2eds/bin/gnu/H-x86_64-pc-linux-gnu/bin/../lib/gcc/nios2-elf/5.3.0/pg/libgcc.a(fixsfsi.o)
                0x000000000801efb0                __fixsfsi
 .text          0x000000000801f02c      0x130 /package/eda/altera/altera17.0/nios2eds/bin/gnu/H-x86_64-pc-linux-gnu/bin/../lib/gcc/nios2-elf/5.3.0/pg/libgcc.a(floatsisf.o)
                0x000000000801f02c                __floatsisf
 .text          0x000000000801f15c      0x8b8 /package/eda/altera/altera17.0/nios2eds/bin/gnu/H-x86_64-pc-linux-gnu/bin/../lib/gcc/nios2-elf/5.3.0/pg/libgcc.a(adddf3.o)
                0x000000000801f15c                __adddf3
 .text          0x000000000801fa14      0x8f4 /package/eda/altera/altera17.0/nios2eds/bin/gnu/H-x86_64-pc-linux-gnu/bin/../lib/gcc/nios2-elf/5.3.0/pg/libgcc.a(divdf3.o)
                0x000000000801fa14                __divdf3
 .text          0x0000000008020308       0x90 /package/eda/altera/altera17.0/nios2eds/bin/gnu/H-x86_64-pc-linux-gnu/bin/../lib/gcc/nios2-elf/5.3.0/pg/libgcc.a(eqdf2.o)
                0x0000000008020308                __eqdf2
                0x0000000008020308                __nedf2
 .text          0x0000000008020398       0xe4 /package/eda/altera/altera17.0/nios2eds/bin/gnu/H-x86_64-pc-linux-gnu/bin/../lib/gcc/nios2-elf/5.3.0/pg/libgcc.a(gedf2.o)
                0x0000000008020398                __gtdf2
                0x0000000008020398                __gedf2
 .text          0x000000000802047c       0xf8 /package/eda/altera/altera17.0/nios2eds/bin/gnu/H-x86_64-pc-linux-gnu/bin/../lib/gcc/nios2-elf/5.3.0/pg/libgcc.a(ledf2.o)
                0x000000000802047c                __ltdf2
                0x000000000802047c                __ledf2
 .text          0x0000000008020574      0x724 /package/eda/altera/altera17.0/nios2eds/bin/gnu/H-x86_64-pc-linux-gnu/bin/../lib/gcc/nios2-elf/5.3.0/pg/libgcc.a(muldf3.o)
                0x0000000008020574                __muldf3
 .text          0x0000000008020c98      0x908 /package/eda/altera/altera17.0/nios2eds/bin/gnu/H-x86_64-pc-linux-gnu/bin/../lib/gcc/nios2-elf/5.3.0/pg/libgcc.a(subdf3.o)
                0x0000000008020c98                __subdf3
 .text          0x00000000080215a0       0x8c /package/eda/altera/altera17.0/nios2eds/bin/gnu/H-x86_64-pc-linux-gnu/bin/../lib/gcc/nios2-elf/5.3.0/pg/libgcc.a(fixdfsi.o)
                0x00000000080215a0                __fixdfsi
 .text          0x000000000802162c       0xe8 /package/eda/altera/altera17.0/nios2eds/bin/gnu/H-x86_64-pc-linux-gnu/bin/../lib/gcc/nios2-elf/5.3.0/pg/libgcc.a(floatsidf.o)
                0x000000000802162c                __floatsidf
 .text          0x0000000008021714      0x11c /package/eda/altera/altera17.0/nios2eds/bin/gnu/H-x86_64-pc-linux-gnu/bin/../lib/gcc/nios2-elf/5.3.0/pg/libgcc.a(extendsfdf2.o)
                0x0000000008021714                __extendsfdf2
 .text          0x0000000008021830      0x1b4 /package/eda/altera/altera17.0/nios2eds/bin/gnu/H-x86_64-pc-linux-gnu/bin/../lib/gcc/nios2-elf/5.3.0/pg/libgcc.a(truncdfsf2.o)
                0x0000000008021830                __truncdfsf2
 .text          0x00000000080219e4       0x70 /package/eda/altera/altera17.0/nios2eds/bin/gnu/H-x86_64-pc-linux-gnu/bin/../lib/gcc/nios2-elf/5.3.0/pg/libgcc.a(_clzsi2.o)
                0x00000000080219e4                __clzsi2
 .text          0x0000000008021a54        0x0 /package/eda/altera/altera17.0/nios2eds/bin/gnu/H-x86_64-pc-linux-gnu/bin/../lib/gcc/nios2-elf/5.3.0/pg/libgcc.a(_clz.o)
 .text          0x0000000008021a54        0x0 /package/eda/altera/altera17.0/nios2eds/bin/gnu/H-x86_64-pc-linux-gnu/bin/../lib/gcc/nios2-elf/5.3.0/../../../../../H-x86_64-pc-linux-gnu/nios2-elf/lib/pg/libc.a(lib_a-abort.o)
 .text.abort    0x0000000008021a54       0x24 /package/eda/altera/altera17.0/nios2eds/bin/gnu/H-x86_64-pc-linux-gnu/bin/../lib/gcc/nios2-elf/5.3.0/../../../../../H-x86_64-pc-linux-gnu/nios2-elf/lib/pg/libc.a(lib_a-abort.o)
                0x0000000008021a54                abort
 .text          0x0000000008021a78        0x0 /package/eda/altera/altera17.0/nios2eds/bin/gnu/H-x86_64-pc-linux-gnu/bin/../lib/gcc/nios2-elf/5.3.0/../../../../../H-x86_64-pc-linux-gnu/nios2-elf/lib/pg/libc.a(lib_a-assert.o)
 .text.__assert_func
                0x0000000008021a78       0x74 /package/eda/altera/altera17.0/nios2eds/bin/gnu/H-x86_64-pc-linux-gnu/bin/../lib/gcc/nios2-elf/5.3.0/../../../../../H-x86_64-pc-linux-gnu/nios2-elf/lib/pg/libc.a(lib_a-assert.o)
                0x0000000008021a78                __assert_func
 .text.__assert
                0x0000000008021aec       0x20 /package/eda/altera/altera17.0/nios2eds/bin/gnu/H-x86_64-pc-linux-gnu/bin/../lib/gcc/nios2-elf/5.3.0/../../../../../H-x86_64-pc-linux-gnu/nios2-elf/lib/pg/libc.a(lib_a-assert.o)
                0x0000000008021aec                __assert
 .text          0x0000000008021b0c        0x0 /package/eda/altera/altera17.0/nios2eds/bin/gnu/H-x86_64-pc-linux-gnu/bin/../lib/gcc/nios2-elf/5.3.0/../../../../../H-x86_64-pc-linux-gnu/nios2-elf/lib/pg/libc.a(lib_a-calloc.o)
 .text.calloc   0x0000000008021b0c       0x24 /package/eda/altera/altera17.0/nios2eds/bin/gnu/H-x86_64-pc-linux-gnu/bin/../lib/gcc/nios2-elf/5.3.0/../../../../../H-x86_64-pc-linux-gnu/nios2-elf/lib/pg/libc.a(lib_a-calloc.o)
                0x0000000008021b0c                calloc
 .text          0x0000000008021b30        0x0 /package/eda/altera/altera17.0/nios2eds/bin/gnu/H-x86_64-pc-linux-gnu/bin/../lib/gcc/nios2-elf/5.3.0/../../../../../H-x86_64-pc-linux-gnu/nios2-elf/lib/pg/libc.a(lib_a-callocr.o)
 .text._calloc_r
                0x0000000008021b30       0xd0 /package/eda/altera/altera17.0/nios2eds/bin/gnu/H-x86_64-pc-linux-gnu/bin/../lib/gcc/nios2-elf/5.3.0/../../../../../H-x86_64-pc-linux-gnu/nios2-elf/lib/pg/libc.a(lib_a-callocr.o)
                0x0000000008021b30                _calloc_r
 .text          0x0000000008021c00        0x0 /package/eda/altera/altera17.0/nios2eds/bin/gnu/H-x86_64-pc-linux-gnu/bin/../lib/gcc/nios2-elf/5.3.0/../../../../../H-x86_64-pc-linux-gnu/nios2-elf/lib/pg/libc.a(lib_a-errno.o)
 .text.__errno  0x0000000008021c00       0x1c /package/eda/altera/altera17.0/nios2eds/bin/gnu/H-x86_64-pc-linux-gnu/bin/../lib/gcc/nios2-elf/5.3.0/../../../../../H-x86_64-pc-linux-gnu/nios2-elf/lib/pg/libc.a(lib_a-errno.o)
                0x0000000008021c00                __errno
 .text          0x0000000008021c1c        0x0 /package/eda/altera/altera17.0/nios2eds/bin/gnu/H-x86_64-pc-linux-gnu/bin/../lib/gcc/nios2-elf/5.3.0/../../../../../H-x86_64-pc-linux-gnu/nios2-elf/lib/pg/libc.a(lib_a-exit.o)
 .text.exit     0x0000000008021c1c       0x44 /package/eda/altera/altera17.0/nios2eds/bin/gnu/H-x86_64-pc-linux-gnu/bin/../lib/gcc/nios2-elf/5.3.0/../../../../../H-x86_64-pc-linux-gnu/nios2-elf/lib/pg/libc.a(lib_a-exit.o)
                0x0000000008021c1c                exit
 .text          0x0000000008021c60        0x0 /package/eda/altera/altera17.0/nios2eds/bin/gnu/H-x86_64-pc-linux-gnu/bin/../lib/gcc/nios2-elf/5.3.0/../../../../../H-x86_64-pc-linux-gnu/nios2-elf/lib/pg/libc.a(lib_a-fclose.o)
 .text._fclose_r
                0x0000000008021c60       0xfc /package/eda/altera/altera17.0/nios2eds/bin/gnu/H-x86_64-pc-linux-gnu/bin/../lib/gcc/nios2-elf/5.3.0/../../../../../H-x86_64-pc-linux-gnu/nios2-elf/lib/pg/libc.a(lib_a-fclose.o)
                0x0000000008021c60                _fclose_r
 .text.fclose   0x0000000008021d5c       0x20 /package/eda/altera/altera17.0/nios2eds/bin/gnu/H-x86_64-pc-linux-gnu/bin/../lib/gcc/nios2-elf/5.3.0/../../../../../H-x86_64-pc-linux-gnu/nios2-elf/lib/pg/libc.a(lib_a-fclose.o)
                0x0000000008021d5c                fclose
 .text          0x0000000008021d7c        0x0 /package/eda/altera/altera17.0/nios2eds/bin/gnu/H-x86_64-pc-linux-gnu/bin/../lib/gcc/nios2-elf/5.3.0/../../../../../H-x86_64-pc-linux-gnu/nios2-elf/lib/pg/libc.a(lib_a-fflush.o)
 .text.__sflush_r
                0x0000000008021d7c      0x228 /package/eda/altera/altera17.0/nios2eds/bin/gnu/H-x86_64-pc-linux-gnu/bin/../lib/gcc/nios2-elf/5.3.0/../../../../../H-x86_64-pc-linux-gnu/nios2-elf/lib/pg/libc.a(lib_a-fflush.o)
                0x0000000008021d7c                __sflush_r
 .text._fflush_r
                0x0000000008021fa4       0x68 /package/eda/altera/altera17.0/nios2eds/bin/gnu/H-x86_64-pc-linux-gnu/bin/../lib/gcc/nios2-elf/5.3.0/../../../../../H-x86_64-pc-linux-gnu/nios2-elf/lib/pg/libc.a(lib_a-fflush.o)
                0x0000000008021fa4                _fflush_r
 .text.fflush   0x000000000802200c       0x3c /package/eda/altera/altera17.0/nios2eds/bin/gnu/H-x86_64-pc-linux-gnu/bin/../lib/gcc/nios2-elf/5.3.0/../../../../../H-x86_64-pc-linux-gnu/nios2-elf/lib/pg/libc.a(lib_a-fflush.o)
                0x000000000802200c                fflush
 .text          0x0000000008022048        0x0 /package/eda/altera/altera17.0/nios2eds/bin/gnu/H-x86_64-pc-linux-gnu/bin/../lib/gcc/nios2-elf/5.3.0/../../../../../H-x86_64-pc-linux-gnu/nios2-elf/lib/pg/libc.a(lib_a-fgets.o)
 .text._fgets_r
                0x0000000008022048      0x150 /package/eda/altera/altera17.0/nios2eds/bin/gnu/H-x86_64-pc-linux-gnu/bin/../lib/gcc/nios2-elf/5.3.0/../../../../../H-x86_64-pc-linux-gnu/nios2-elf/lib/pg/libc.a(lib_a-fgets.o)
                0x0000000008022048                _fgets_r
 .text.fgets    0x0000000008022198       0x28 /package/eda/altera/altera17.0/nios2eds/bin/gnu/H-x86_64-pc-linux-gnu/bin/../lib/gcc/nios2-elf/5.3.0/../../../../../H-x86_64-pc-linux-gnu/nios2-elf/lib/pg/libc.a(lib_a-fgets.o)
                0x0000000008022198                fgets
 .text          0x00000000080221c0        0x0 /package/eda/altera/altera17.0/nios2eds/bin/gnu/H-x86_64-pc-linux-gnu/bin/../lib/gcc/nios2-elf/5.3.0/../../../../../H-x86_64-pc-linux-gnu/nios2-elf/lib/pg/libc.a(lib_a-fileno.o)
 .text.fileno   0x00000000080221c0       0x74 /package/eda/altera/altera17.0/nios2eds/bin/gnu/H-x86_64-pc-linux-gnu/bin/../lib/gcc/nios2-elf/5.3.0/../../../../../H-x86_64-pc-linux-gnu/nios2-elf/lib/pg/libc.a(lib_a-fileno.o)
                0x00000000080221c0                fileno
 .text          0x0000000008022234        0x0 /package/eda/altera/altera17.0/nios2eds/bin/gnu/H-x86_64-pc-linux-gnu/bin/../lib/gcc/nios2-elf/5.3.0/../../../../../H-x86_64-pc-linux-gnu/nios2-elf/lib/pg/libc.a(lib_a-findfp.o)
 .text.__fp_unlock
                0x0000000008022234       0x14 /package/eda/altera/altera17.0/nios2eds/bin/gnu/H-x86_64-pc-linux-gnu/bin/../lib/gcc/nios2-elf/5.3.0/../../../../../H-x86_64-pc-linux-gnu/nios2-elf/lib/pg/libc.a(lib_a-findfp.o)
 .text._cleanup_r
                0x0000000008022248       0x18 /package/eda/altera/altera17.0/nios2eds/bin/gnu/H-x86_64-pc-linux-gnu/bin/../lib/gcc/nios2-elf/5.3.0/../../../../../H-x86_64-pc-linux-gnu/nios2-elf/lib/pg/libc.a(lib_a-findfp.o)
                0x0000000008022248                _cleanup_r
 .text.__sinit.part.1
                0x0000000008022260      0x1a8 /package/eda/altera/altera17.0/nios2eds/bin/gnu/H-x86_64-pc-linux-gnu/bin/../lib/gcc/nios2-elf/5.3.0/../../../../../H-x86_64-pc-linux-gnu/nios2-elf/lib/pg/libc.a(lib_a-findfp.o)
 .text.__fp_lock
                0x0000000008022408       0x14 /package/eda/altera/altera17.0/nios2eds/bin/gnu/H-x86_64-pc-linux-gnu/bin/../lib/gcc/nios2-elf/5.3.0/../../../../../H-x86_64-pc-linux-gnu/nios2-elf/lib/pg/libc.a(lib_a-findfp.o)
 .text.__sfmoreglue
                0x000000000802241c       0x74 /package/eda/altera/altera17.0/nios2eds/bin/gnu/H-x86_64-pc-linux-gnu/bin/../lib/gcc/nios2-elf/5.3.0/../../../../../H-x86_64-pc-linux-gnu/nios2-elf/lib/pg/libc.a(lib_a-findfp.o)
                0x000000000802241c                __sfmoreglue
 .text.__sfp    0x0000000008022490      0x124 /package/eda/altera/altera17.0/nios2eds/bin/gnu/H-x86_64-pc-linux-gnu/bin/../lib/gcc/nios2-elf/5.3.0/../../../../../H-x86_64-pc-linux-gnu/nios2-elf/lib/pg/libc.a(lib_a-findfp.o)
                0x0000000008022490                __sfp
 .text._cleanup
                0x00000000080225b4       0x24 /package/eda/altera/altera17.0/nios2eds/bin/gnu/H-x86_64-pc-linux-gnu/bin/../lib/gcc/nios2-elf/5.3.0/../../../../../H-x86_64-pc-linux-gnu/nios2-elf/lib/pg/libc.a(lib_a-findfp.o)
                0x00000000080225b4                _cleanup
 .text.__sinit  0x00000000080225d8       0x1c /package/eda/altera/altera17.0/nios2eds/bin/gnu/H-x86_64-pc-linux-gnu/bin/../lib/gcc/nios2-elf/5.3.0/../../../../../H-x86_64-pc-linux-gnu/nios2-elf/lib/pg/libc.a(lib_a-findfp.o)
                0x00000000080225d8                __sinit
 .text.__sfp_lock_acquire
                0x00000000080225f4       0x10 /package/eda/altera/altera17.0/nios2eds/bin/gnu/H-x86_64-pc-linux-gnu/bin/../lib/gcc/nios2-elf/5.3.0/../../../../../H-x86_64-pc-linux-gnu/nios2-elf/lib/pg/libc.a(lib_a-findfp.o)
                0x00000000080225f4                __sfp_lock_acquire
 .text.__sfp_lock_release
                0x0000000008022604       0x10 /package/eda/altera/altera17.0/nios2eds/bin/gnu/H-x86_64-pc-linux-gnu/bin/../lib/gcc/nios2-elf/5.3.0/../../../../../H-x86_64-pc-linux-gnu/nios2-elf/lib/pg/libc.a(lib_a-findfp.o)
                0x0000000008022604                __sfp_lock_release
 .text.__sinit_lock_acquire
                0x0000000008022614       0x10 /package/eda/altera/altera17.0/nios2eds/bin/gnu/H-x86_64-pc-linux-gnu/bin/../lib/gcc/nios2-elf/5.3.0/../../../../../H-x86_64-pc-linux-gnu/nios2-elf/lib/pg/libc.a(lib_a-findfp.o)
                0x0000000008022614                __sinit_lock_acquire
 .text.__sinit_lock_release
                0x0000000008022624       0x10 /package/eda/altera/altera17.0/nios2eds/bin/gnu/H-x86_64-pc-linux-gnu/bin/../lib/gcc/nios2-elf/5.3.0/../../../../../H-x86_64-pc-linux-gnu/nios2-elf/lib/pg/libc.a(lib_a-findfp.o)
                0x0000000008022624                __sinit_lock_release
 .text.__fp_lock_all
                0x0000000008022634       0x24 /package/eda/altera/altera17.0/nios2eds/bin/gnu/H-x86_64-pc-linux-gnu/bin/../lib/gcc/nios2-elf/5.3.0/../../../../../H-x86_64-pc-linux-gnu/nios2-elf/lib/pg/libc.a(lib_a-findfp.o)
                0x0000000008022634                __fp_lock_all
 .text.__fp_unlock_all
                0x0000000008022658       0x24 /package/eda/altera/altera17.0/nios2eds/bin/gnu/H-x86_64-pc-linux-gnu/bin/../lib/gcc/nios2-elf/5.3.0/../../../../../H-x86_64-pc-linux-gnu/nios2-elf/lib/pg/libc.a(lib_a-findfp.o)
                0x0000000008022658                __fp_unlock_all
 .text          0x000000000802267c        0x0 /package/eda/altera/altera17.0/nios2eds/bin/gnu/H-x86_64-pc-linux-gnu/bin/../lib/gcc/nios2-elf/5.3.0/../../../../../H-x86_64-pc-linux-gnu/nios2-elf/lib/pg/libc.a(lib_a-fiprintf.o)
 .text._fiprintf_r
                0x000000000802267c       0x2c /package/eda/altera/altera17.0/nios2eds/bin/gnu/H-x86_64-pc-linux-gnu/bin/../lib/gcc/nios2-elf/5.3.0/../../../../../H-x86_64-pc-linux-gnu/nios2-elf/lib/pg/libc.a(lib_a-fiprintf.o)
                0x000000000802267c                _fiprintf_r
 .text.fiprintf
                0x00000000080226a8       0x48 /package/eda/altera/altera17.0/nios2eds/bin/gnu/H-x86_64-pc-linux-gnu/bin/../lib/gcc/nios2-elf/5.3.0/../../../../../H-x86_64-pc-linux-gnu/nios2-elf/lib/pg/libc.a(lib_a-fiprintf.o)
                0x00000000080226a8                fiprintf
 .text          0x00000000080226f0        0x0 /package/eda/altera/altera17.0/nios2eds/bin/gnu/H-x86_64-pc-linux-gnu/bin/../lib/gcc/nios2-elf/5.3.0/../../../../../H-x86_64-pc-linux-gnu/nios2-elf/lib/pg/libc.a(lib_a-fopen.o)
 .text._fopen_r
                0x00000000080226f0      0x100 /package/eda/altera/altera17.0/nios2eds/bin/gnu/H-x86_64-pc-linux-gnu/bin/../lib/gcc/nios2-elf/5.3.0/../../../../../H-x86_64-pc-linux-gnu/nios2-elf/lib/pg/libc.a(lib_a-fopen.o)
                0x00000000080226f0                _fopen_r
 .text.fopen    0x00000000080227f0       0x24 /package/eda/altera/altera17.0/nios2eds/bin/gnu/H-x86_64-pc-linux-gnu/bin/../lib/gcc/nios2-elf/5.3.0/../../../../../H-x86_64-pc-linux-gnu/nios2-elf/lib/pg/libc.a(lib_a-fopen.o)
                0x00000000080227f0                fopen
 .text          0x0000000008022814        0x0 /package/eda/altera/altera17.0/nios2eds/bin/gnu/H-x86_64-pc-linux-gnu/bin/../lib/gcc/nios2-elf/5.3.0/../../../../../H-x86_64-pc-linux-gnu/nios2-elf/lib/pg/libc.a(lib_a-fprintf.o)
 .text._fprintf_r
                0x0000000008022814       0x34 /package/eda/altera/altera17.0/nios2eds/bin/gnu/H-x86_64-pc-linux-gnu/bin/../lib/gcc/nios2-elf/5.3.0/../../../../../H-x86_64-pc-linux-gnu/nios2-elf/lib/pg/libc.a(lib_a-fprintf.o)
                0x0000000008022814                _fprintf_r
 .text.fprintf  0x0000000008022848       0x30 /package/eda/altera/altera17.0/nios2eds/bin/gnu/H-x86_64-pc-linux-gnu/bin/../lib/gcc/nios2-elf/5.3.0/../../../../../H-x86_64-pc-linux-gnu/nios2-elf/lib/pg/libc.a(lib_a-fprintf.o)
                0x0000000008022848                fprintf
 .text          0x0000000008022878        0x0 /package/eda/altera/altera17.0/nios2eds/bin/gnu/H-x86_64-pc-linux-gnu/bin/../lib/gcc/nios2-elf/5.3.0/../../../../../H-x86_64-pc-linux-gnu/nios2-elf/lib/pg/libc.a(lib_a-fputc.o)
 .text._fputc_r
                0x0000000008022878       0x50 /package/eda/altera/altera17.0/nios2eds/bin/gnu/H-x86_64-pc-linux-gnu/bin/../lib/gcc/nios2-elf/5.3.0/../../../../../H-x86_64-pc-linux-gnu/nios2-elf/lib/pg/libc.a(lib_a-fputc.o)
                0x0000000008022878                _fputc_r
 .text.fputc    0x00000000080228c8       0x68 /package/eda/altera/altera17.0/nios2eds/bin/gnu/H-x86_64-pc-linux-gnu/bin/../lib/gcc/nios2-elf/5.3.0/../../../../../H-x86_64-pc-linux-gnu/nios2-elf/lib/pg/libc.a(lib_a-fputc.o)
                0x00000000080228c8                fputc
 .text          0x0000000008022930        0x0 /package/eda/altera/altera17.0/nios2eds/bin/gnu/H-x86_64-pc-linux-gnu/bin/../lib/gcc/nios2-elf/5.3.0/../../../../../H-x86_64-pc-linux-gnu/nios2-elf/lib/pg/libc.a(lib_a-fputs.o)
 .text._fputs_r
                0x0000000008022930       0xa8 /package/eda/altera/altera17.0/nios2eds/bin/gnu/H-x86_64-pc-linux-gnu/bin/../lib/gcc/nios2-elf/5.3.0/../../../../../H-x86_64-pc-linux-gnu/nios2-elf/lib/pg/libc.a(lib_a-fputs.o)
                0x0000000008022930                _fputs_r
 .text.fputs    0x00000000080229d8       0x24 /package/eda/altera/altera17.0/nios2eds/bin/gnu/H-x86_64-pc-linux-gnu/bin/../lib/gcc/nios2-elf/5.3.0/../../../../../H-x86_64-pc-linux-gnu/nios2-elf/lib/pg/libc.a(lib_a-fputs.o)
                0x00000000080229d8                fputs
 .text          0x00000000080229fc        0x0 /package/eda/altera/altera17.0/nios2eds/bin/gnu/H-x86_64-pc-linux-gnu/bin/../lib/gcc/nios2-elf/5.3.0/../../../../../H-x86_64-pc-linux-gnu/nios2-elf/lib/pg/libc.a(lib_a-fread.o)
 .text._fread_r
                0x00000000080229fc      0x238 /package/eda/altera/altera17.0/nios2eds/bin/gnu/H-x86_64-pc-linux-gnu/bin/../lib/gcc/nios2-elf/5.3.0/../../../../../H-x86_64-pc-linux-gnu/nios2-elf/lib/pg/libc.a(lib_a-fread.o)
                0x00000000080229fc                _fread_r
 .text.fread    0x0000000008022c34       0x40 /package/eda/altera/altera17.0/nios2eds/bin/gnu/H-x86_64-pc-linux-gnu/bin/../lib/gcc/nios2-elf/5.3.0/../../../../../H-x86_64-pc-linux-gnu/nios2-elf/lib/pg/libc.a(lib_a-fread.o)
                0x0000000008022c34                fread
 .text          0x0000000008022c74        0x0 /package/eda/altera/altera17.0/nios2eds/bin/gnu/H-x86_64-pc-linux-gnu/bin/../lib/gcc/nios2-elf/5.3.0/../../../../../H-x86_64-pc-linux-gnu/nios2-elf/lib/pg/libc.a(lib_a-freer.o)
 .text._malloc_trim_r
                0x0000000008022c74      0x130 /package/eda/altera/altera17.0/nios2eds/bin/gnu/H-x86_64-pc-linux-gnu/bin/../lib/gcc/nios2-elf/5.3.0/../../../../../H-x86_64-pc-linux-gnu/nios2-elf/lib/pg/libc.a(lib_a-freer.o)
                0x0000000008022c74                _malloc_trim_r
 .text._free_r  0x0000000008022da4      0x31c /package/eda/altera/altera17.0/nios2eds/bin/gnu/H-x86_64-pc-linux-gnu/bin/../lib/gcc/nios2-elf/5.3.0/../../../../../H-x86_64-pc-linux-gnu/nios2-elf/lib/pg/libc.a(lib_a-freer.o)
                0x0000000008022da4                _free_r
 .text          0x00000000080230c0        0x0 /package/eda/altera/altera17.0/nios2eds/bin/gnu/H-x86_64-pc-linux-gnu/bin/../lib/gcc/nios2-elf/5.3.0/../../../../../H-x86_64-pc-linux-gnu/nios2-elf/lib/pg/libc.a(lib_a-fseek.o)
 .text._fseek_r
                0x00000000080230c0       0x10 /package/eda/altera/altera17.0/nios2eds/bin/gnu/H-x86_64-pc-linux-gnu/bin/../lib/gcc/nios2-elf/5.3.0/../../../../../H-x86_64-pc-linux-gnu/nios2-elf/lib/pg/libc.a(lib_a-fseek.o)
                0x00000000080230c0                _fseek_r
 .text.fseek    0x00000000080230d0       0x28 /package/eda/altera/altera17.0/nios2eds/bin/gnu/H-x86_64-pc-linux-gnu/bin/../lib/gcc/nios2-elf/5.3.0/../../../../../H-x86_64-pc-linux-gnu/nios2-elf/lib/pg/libc.a(lib_a-fseek.o)
                0x00000000080230d0                fseek
 .text          0x00000000080230f8        0x0 /package/eda/altera/altera17.0/nios2eds/bin/gnu/H-x86_64-pc-linux-gnu/bin/../lib/gcc/nios2-elf/5.3.0/../../../../../H-x86_64-pc-linux-gnu/nios2-elf/lib/pg/libc.a(lib_a-fseeko.o)
 .text._fseeko_r
                0x00000000080230f8      0x450 /package/eda/altera/altera17.0/nios2eds/bin/gnu/H-x86_64-pc-linux-gnu/bin/../lib/gcc/nios2-elf/5.3.0/../../../../../H-x86_64-pc-linux-gnu/nios2-elf/lib/pg/libc.a(lib_a-fseeko.o)
                0x00000000080230f8                _fseeko_r
 .text.fseeko   0x0000000008023548       0x28 /package/eda/altera/altera17.0/nios2eds/bin/gnu/H-x86_64-pc-linux-gnu/bin/../lib/gcc/nios2-elf/5.3.0/../../../../../H-x86_64-pc-linux-gnu/nios2-elf/lib/pg/libc.a(lib_a-fseeko.o)
                0x0000000008023548                fseeko
 .text          0x0000000008023570        0x0 /package/eda/altera/altera17.0/nios2eds/bin/gnu/H-x86_64-pc-linux-gnu/bin/../lib/gcc/nios2-elf/5.3.0/../../../../../H-x86_64-pc-linux-gnu/nios2-elf/lib/pg/libc.a(lib_a-fstatr.o)
 .text._fstat_r
                0x0000000008023570       0x68 /package/eda/altera/altera17.0/nios2eds/bin/gnu/H-x86_64-pc-linux-gnu/bin/../lib/gcc/nios2-elf/5.3.0/../../../../../H-x86_64-pc-linux-gnu/nios2-elf/lib/pg/libc.a(lib_a-fstatr.o)
                0x0000000008023570                _fstat_r
 .text          0x00000000080235d8        0x0 /package/eda/altera/altera17.0/nios2eds/bin/gnu/H-x86_64-pc-linux-gnu/bin/../lib/gcc/nios2-elf/5.3.0/../../../../../H-x86_64-pc-linux-gnu/nios2-elf/lib/pg/libc.a(lib_a-fvwrite.o)
 .text.__sfvwrite_r
                0x00000000080235d8      0x4c8 /package/eda/altera/altera17.0/nios2eds/bin/gnu/H-x86_64-pc-linux-gnu/bin/../lib/gcc/nios2-elf/5.3.0/../../../../../H-x86_64-pc-linux-gnu/nios2-elf/lib/pg/libc.a(lib_a-fvwrite.o)
                0x00000000080235d8                __sfvwrite_r
 .text          0x0000000008023aa0        0x0 /package/eda/altera/altera17.0/nios2eds/bin/gnu/H-x86_64-pc-linux-gnu/bin/../lib/gcc/nios2-elf/5.3.0/../../../../../H-x86_64-pc-linux-gnu/nios2-elf/lib/pg/libc.a(lib_a-fwalk.o)
 .text._fwalk   0x0000000008023aa0       0xd0 /package/eda/altera/altera17.0/nios2eds/bin/gnu/H-x86_64-pc-linux-gnu/bin/../lib/gcc/nios2-elf/5.3.0/../../../../../H-x86_64-pc-linux-gnu/nios2-elf/lib/pg/libc.a(lib_a-fwalk.o)
                0x0000000008023aa0                _fwalk
 .text._fwalk_reent
                0x0000000008023b70       0xd0 /package/eda/altera/altera17.0/nios2eds/bin/gnu/H-x86_64-pc-linux-gnu/bin/../lib/gcc/nios2-elf/5.3.0/../../../../../H-x86_64-pc-linux-gnu/nios2-elf/lib/pg/libc.a(lib_a-fwalk.o)
                0x0000000008023b70                _fwalk_reent
 .text          0x0000000008023c40        0x0 /package/eda/altera/altera17.0/nios2eds/bin/gnu/H-x86_64-pc-linux-gnu/bin/../lib/gcc/nios2-elf/5.3.0/../../../../../H-x86_64-pc-linux-gnu/nios2-elf/lib/pg/libc.a(lib_a-fwrite.o)
 .text._fwrite_r
                0x0000000008023c40       0xd8 /package/eda/altera/altera17.0/nios2eds/bin/gnu/H-x86_64-pc-linux-gnu/bin/../lib/gcc/nios2-elf/5.3.0/../../../../../H-x86_64-pc-linux-gnu/nios2-elf/lib/pg/libc.a(lib_a-fwrite.o)
                0x0000000008023c40                _fwrite_r
 .text.fwrite   0x0000000008023d18       0x40 /package/eda/altera/altera17.0/nios2eds/bin/gnu/H-x86_64-pc-linux-gnu/bin/../lib/gcc/nios2-elf/5.3.0/../../../../../H-x86_64-pc-linux-gnu/nios2-elf/lib/pg/libc.a(lib_a-fwrite.o)
                0x0000000008023d18                fwrite
 .text          0x0000000008023d58        0x0 /package/eda/altera/altera17.0/nios2eds/bin/gnu/H-x86_64-pc-linux-gnu/bin/../lib/gcc/nios2-elf/5.3.0/../../../../../H-x86_64-pc-linux-gnu/nios2-elf/lib/pg/libc.a(lib_a-impure.o)
 .text          0x0000000008023d58        0x0 /package/eda/altera/altera17.0/nios2eds/bin/gnu/H-x86_64-pc-linux-gnu/bin/../lib/gcc/nios2-elf/5.3.0/../../../../../H-x86_64-pc-linux-gnu/nios2-elf/lib/pg/libc.a(lib_a-int_errno.o)
 .text          0x0000000008023d58        0x0 /package/eda/altera/altera17.0/nios2eds/bin/gnu/H-x86_64-pc-linux-gnu/bin/../lib/gcc/nios2-elf/5.3.0/../../../../../H-x86_64-pc-linux-gnu/nios2-elf/lib/pg/libc.a(lib_a-makebuf.o)
 .text.__smakebuf_r
                0x0000000008023d58      0x1c8 /package/eda/altera/altera17.0/nios2eds/bin/gnu/H-x86_64-pc-linux-gnu/bin/../lib/gcc/nios2-elf/5.3.0/../../../../../H-x86_64-pc-linux-gnu/nios2-elf/lib/pg/libc.a(lib_a-makebuf.o)
                0x0000000008023d58                __smakebuf_r
 .text          0x0000000008023f20        0x0 /package/eda/altera/altera17.0/nios2eds/bin/gnu/H-x86_64-pc-linux-gnu/bin/../lib/gcc/nios2-elf/5.3.0/../../../../../H-x86_64-pc-linux-gnu/nios2-elf/lib/pg/libc.a(lib_a-malloc.o)
 .text.malloc   0x0000000008023f20       0x20 /package/eda/altera/altera17.0/nios2eds/bin/gnu/H-x86_64-pc-linux-gnu/bin/../lib/gcc/nios2-elf/5.3.0/../../../../../H-x86_64-pc-linux-gnu/nios2-elf/lib/pg/libc.a(lib_a-malloc.o)
                0x0000000008023f20                malloc
 .text.free     0x0000000008023f40       0x20 /package/eda/altera/altera17.0/nios2eds/bin/gnu/H-x86_64-pc-linux-gnu/bin/../lib/gcc/nios2-elf/5.3.0/../../../../../H-x86_64-pc-linux-gnu/nios2-elf/lib/pg/libc.a(lib_a-malloc.o)
                0x0000000008023f40                free
 .text          0x0000000008023f60        0x0 /package/eda/altera/altera17.0/nios2eds/bin/gnu/H-x86_64-pc-linux-gnu/bin/../lib/gcc/nios2-elf/5.3.0/../../../../../H-x86_64-pc-linux-gnu/nios2-elf/lib/pg/libc.a(lib_a-mallocr.o)
 .text._malloc_r
                0x0000000008023f60      0x818 /package/eda/altera/altera17.0/nios2eds/bin/gnu/H-x86_64-pc-linux-gnu/bin/../lib/gcc/nios2-elf/5.3.0/../../../../../H-x86_64-pc-linux-gnu/nios2-elf/lib/pg/libc.a(lib_a-mallocr.o)
                0x0000000008023f60                _malloc_r
 .text          0x0000000008024778        0x0 /package/eda/altera/altera17.0/nios2eds/bin/gnu/H-x86_64-pc-linux-gnu/bin/../lib/gcc/nios2-elf/5.3.0/../../../../../H-x86_64-pc-linux-gnu/nios2-elf/lib/pg/libc.a(lib_a-memchr.o)
 .text.memchr   0x0000000008024778       0xf0 /package/eda/altera/altera17.0/nios2eds/bin/gnu/H-x86_64-pc-linux-gnu/bin/../lib/gcc/nios2-elf/5.3.0/../../../../../H-x86_64-pc-linux-gnu/nios2-elf/lib/pg/libc.a(lib_a-memchr.o)
                0x0000000008024778                memchr
 .text          0x0000000008024868        0x0 /package/eda/altera/altera17.0/nios2eds/bin/gnu/H-x86_64-pc-linux-gnu/bin/../lib/gcc/nios2-elf/5.3.0/../../../../../H-x86_64-pc-linux-gnu/nios2-elf/lib/pg/libc.a(lib_a-memcpy.o)
 .text.memcpy   0x0000000008024868      0x154 /package/eda/altera/altera17.0/nios2eds/bin/gnu/H-x86_64-pc-linux-gnu/bin/../lib/gcc/nios2-elf/5.3.0/../../../../../H-x86_64-pc-linux-gnu/nios2-elf/lib/pg/libc.a(lib_a-memcpy.o)
                0x0000000008024868                memcpy
 .text          0x00000000080249bc        0x0 /package/eda/altera/altera17.0/nios2eds/bin/gnu/H-x86_64-pc-linux-gnu/bin/../lib/gcc/nios2-elf/5.3.0/../../../../../H-x86_64-pc-linux-gnu/nios2-elf/lib/pg/libc.a(lib_a-memmove.o)
 .text.memmove  0x00000000080249bc      0x164 /package/eda/altera/altera17.0/nios2eds/bin/gnu/H-x86_64-pc-linux-gnu/bin/../lib/gcc/nios2-elf/5.3.0/../../../../../H-x86_64-pc-linux-gnu/nios2-elf/lib/pg/libc.a(lib_a-memmove.o)
                0x00000000080249bc                memmove
 .text          0x0000000008024b20        0x0 /package/eda/altera/altera17.0/nios2eds/bin/gnu/H-x86_64-pc-linux-gnu/bin/../lib/gcc/nios2-elf/5.3.0/../../../../../H-x86_64-pc-linux-gnu/nios2-elf/lib/pg/libc.a(lib_a-memset.o)
 .text.memset   0x0000000008024b20      0x130 /package/eda/altera/altera17.0/nios2eds/bin/gnu/H-x86_64-pc-linux-gnu/bin/../lib/gcc/nios2-elf/5.3.0/../../../../../H-x86_64-pc-linux-gnu/nios2-elf/lib/pg/libc.a(lib_a-memset.o)
                0x0000000008024b20                memset
 .text          0x0000000008024c50        0x0 /package/eda/altera/altera17.0/nios2eds/bin/gnu/H-x86_64-pc-linux-gnu/bin/../lib/gcc/nios2-elf/5.3.0/../../../../../H-x86_64-pc-linux-gnu/nios2-elf/lib/pg/libc.a(lib_a-openr.o)
 .text._open_r  0x0000000008024c50       0x6c /package/eda/altera/altera17.0/nios2eds/bin/gnu/H-x86_64-pc-linux-gnu/bin/../lib/gcc/nios2-elf/5.3.0/../../../../../H-x86_64-pc-linux-gnu/nios2-elf/lib/pg/libc.a(lib_a-openr.o)
                0x0000000008024c50                _open_r
 .text          0x0000000008024cbc        0x0 /package/eda/altera/altera17.0/nios2eds/bin/gnu/H-x86_64-pc-linux-gnu/bin/../lib/gcc/nios2-elf/5.3.0/../../../../../H-x86_64-pc-linux-gnu/nios2-elf/lib/pg/libc.a(lib_a-printf.o)
 .text._printf_r
                0x0000000008024cbc       0x3c /package/eda/altera/altera17.0/nios2eds/bin/gnu/H-x86_64-pc-linux-gnu/bin/../lib/gcc/nios2-elf/5.3.0/../../../../../H-x86_64-pc-linux-gnu/nios2-elf/lib/pg/libc.a(lib_a-printf.o)
                0x0000000008024cbc                _printf_r
 .text.printf   0x0000000008024cf8       0x48 /package/eda/altera/altera17.0/nios2eds/bin/gnu/H-x86_64-pc-linux-gnu/bin/../lib/gcc/nios2-elf/5.3.0/../../../../../H-x86_64-pc-linux-gnu/nios2-elf/lib/pg/libc.a(lib_a-printf.o)
                0x0000000008024cf8                printf
 .text          0x0000000008024d40        0x0 /package/eda/altera/altera17.0/nios2eds/bin/gnu/H-x86_64-pc-linux-gnu/bin/../lib/gcc/nios2-elf/5.3.0/../../../../../H-x86_64-pc-linux-gnu/nios2-elf/lib/pg/libc.a(lib_a-putc.o)
 .text._putc_r  0x0000000008024d40       0xac /package/eda/altera/altera17.0/nios2eds/bin/gnu/H-x86_64-pc-linux-gnu/bin/../lib/gcc/nios2-elf/5.3.0/../../../../../H-x86_64-pc-linux-gnu/nios2-elf/lib/pg/libc.a(lib_a-putc.o)
                0x0000000008024d40                _putc_r
 .text.putc     0x0000000008024dec       0xd4 /package/eda/altera/altera17.0/nios2eds/bin/gnu/H-x86_64-pc-linux-gnu/bin/../lib/gcc/nios2-elf/5.3.0/../../../../../H-x86_64-pc-linux-gnu/nios2-elf/lib/pg/libc.a(lib_a-putc.o)
                0x0000000008024dec                putc
 .text          0x0000000008024ec0        0x0 /package/eda/altera/altera17.0/nios2eds/bin/gnu/H-x86_64-pc-linux-gnu/bin/../lib/gcc/nios2-elf/5.3.0/../../../../../H-x86_64-pc-linux-gnu/nios2-elf/lib/pg/libc.a(lib_a-realloc.o)
 .text.realloc  0x0000000008024ec0       0x24 /package/eda/altera/altera17.0/nios2eds/bin/gnu/H-x86_64-pc-linux-gnu/bin/../lib/gcc/nios2-elf/5.3.0/../../../../../H-x86_64-pc-linux-gnu/nios2-elf/lib/pg/libc.a(lib_a-realloc.o)
                0x0000000008024ec0                realloc
 .text          0x0000000008024ee4        0x0 /package/eda/altera/altera17.0/nios2eds/bin/gnu/H-x86_64-pc-linux-gnu/bin/../lib/gcc/nios2-elf/5.3.0/../../../../../H-x86_64-pc-linux-gnu/nios2-elf/lib/pg/libc.a(lib_a-reallocr.o)
 .text._realloc_r
                0x0000000008024ee4      0x570 /package/eda/altera/altera17.0/nios2eds/bin/gnu/H-x86_64-pc-linux-gnu/bin/../lib/gcc/nios2-elf/5.3.0/../../../../../H-x86_64-pc-linux-gnu/nios2-elf/lib/pg/libc.a(lib_a-reallocr.o)
                0x0000000008024ee4                _realloc_r
 .text          0x0000000008025454        0x0 /package/eda/altera/altera17.0/nios2eds/bin/gnu/H-x86_64-pc-linux-gnu/bin/../lib/gcc/nios2-elf/5.3.0/../../../../../H-x86_64-pc-linux-gnu/nios2-elf/lib/pg/libc.a(lib_a-refill.o)
 .text.lflush   0x0000000008025454       0x28 /package/eda/altera/altera17.0/nios2eds/bin/gnu/H-x86_64-pc-linux-gnu/bin/../lib/gcc/nios2-elf/5.3.0/../../../../../H-x86_64-pc-linux-gnu/nios2-elf/lib/pg/libc.a(lib_a-refill.o)
 .text.__srefill_r
                0x000000000802547c      0x1e0 /package/eda/altera/altera17.0/nios2eds/bin/gnu/H-x86_64-pc-linux-gnu/bin/../lib/gcc/nios2-elf/5.3.0/../../../../../H-x86_64-pc-linux-gnu/nios2-elf/lib/pg/libc.a(lib_a-refill.o)
                0x000000000802547c                __srefill_r
 .text          0x000000000802565c        0x0 /package/eda/altera/altera17.0/nios2eds/bin/gnu/H-x86_64-pc-linux-gnu/bin/../lib/gcc/nios2-elf/5.3.0/../../../../../H-x86_64-pc-linux-gnu/nios2-elf/lib/pg/libc.a(lib_a-sbrkr.o)
 .text._sbrk_r  0x000000000802565c       0x60 /package/eda/altera/altera17.0/nios2eds/bin/gnu/H-x86_64-pc-linux-gnu/bin/../lib/gcc/nios2-elf/5.3.0/../../../../../H-x86_64-pc-linux-gnu/nios2-elf/lib/pg/libc.a(lib_a-sbrkr.o)
                0x000000000802565c                _sbrk_r
 .text          0x00000000080256bc        0x0 /package/eda/altera/altera17.0/nios2eds/bin/gnu/H-x86_64-pc-linux-gnu/bin/../lib/gcc/nios2-elf/5.3.0/../../../../../H-x86_64-pc-linux-gnu/nios2-elf/lib/pg/libc.a(lib_a-signal.o)
 .text._init_signal_r
                0x00000000080256bc       0x78 /package/eda/altera/altera17.0/nios2eds/bin/gnu/H-x86_64-pc-linux-gnu/bin/../lib/gcc/nios2-elf/5.3.0/../../../../../H-x86_64-pc-linux-gnu/nios2-elf/lib/pg/libc.a(lib_a-signal.o)
                0x00000000080256bc                _init_signal_r
 .text._signal_r
                0x0000000008025734       0x90 /package/eda/altera/altera17.0/nios2eds/bin/gnu/H-x86_64-pc-linux-gnu/bin/../lib/gcc/nios2-elf/5.3.0/../../../../../H-x86_64-pc-linux-gnu/nios2-elf/lib/pg/libc.a(lib_a-signal.o)
                0x0000000008025734                _signal_r
 .text._raise_r
                0x00000000080257c4       0xc8 /package/eda/altera/altera17.0/nios2eds/bin/gnu/H-x86_64-pc-linux-gnu/bin/../lib/gcc/nios2-elf/5.3.0/../../../../../H-x86_64-pc-linux-gnu/nios2-elf/lib/pg/libc.a(lib_a-signal.o)
                0x00000000080257c4                _raise_r
 .text.__sigtramp_r
                0x000000000802588c       0xb4 /package/eda/altera/altera17.0/nios2eds/bin/gnu/H-x86_64-pc-linux-gnu/bin/../lib/gcc/nios2-elf/5.3.0/../../../../../H-x86_64-pc-linux-gnu/nios2-elf/lib/pg/libc.a(lib_a-signal.o)
                0x000000000802588c                __sigtramp_r
 .text.raise    0x0000000008025940       0x20 /package/eda/altera/altera17.0/nios2eds/bin/gnu/H-x86_64-pc-linux-gnu/bin/../lib/gcc/nios2-elf/5.3.0/../../../../../H-x86_64-pc-linux-gnu/nios2-elf/lib/pg/libc.a(lib_a-signal.o)
                0x0000000008025940                raise
 .text.signal   0x0000000008025960       0x24 /package/eda/altera/altera17.0/nios2eds/bin/gnu/H-x86_64-pc-linux-gnu/bin/../lib/gcc/nios2-elf/5.3.0/../../../../../H-x86_64-pc-linux-gnu/nios2-elf/lib/pg/libc.a(lib_a-signal.o)
                0x0000000008025960                signal
 .text._init_signal
                0x0000000008025984       0x1c /package/eda/altera/altera17.0/nios2eds/bin/gnu/H-x86_64-pc-linux-gnu/bin/../lib/gcc/nios2-elf/5.3.0/../../../../../H-x86_64-pc-linux-gnu/nios2-elf/lib/pg/libc.a(lib_a-signal.o)
                0x0000000008025984                _init_signal
 .text.__sigtramp
                0x00000000080259a0       0x20 /package/eda/altera/altera17.0/nios2eds/bin/gnu/H-x86_64-pc-linux-gnu/bin/../lib/gcc/nios2-elf/5.3.0/../../../../../H-x86_64-pc-linux-gnu/nios2-elf/lib/pg/libc.a(lib_a-signal.o)
                0x00000000080259a0                __sigtramp
 .text          0x00000000080259c0        0x0 /package/eda/altera/altera17.0/nios2eds/bin/gnu/H-x86_64-pc-linux-gnu/bin/../lib/gcc/nios2-elf/5.3.0/../../../../../H-x86_64-pc-linux-gnu/nios2-elf/lib/pg/libc.a(lib_a-signalr.o)
 .text._kill_r  0x00000000080259c0       0x68 /package/eda/altera/altera17.0/nios2eds/bin/gnu/H-x86_64-pc-linux-gnu/bin/../lib/gcc/nios2-elf/5.3.0/../../../../../H-x86_64-pc-linux-gnu/nios2-elf/lib/pg/libc.a(lib_a-signalr.o)
                0x00000000080259c0                _kill_r
 .text._getpid_r
                0x0000000008025a28       0x10 /package/eda/altera/altera17.0/nios2eds/bin/gnu/H-x86_64-pc-linux-gnu/bin/../lib/gcc/nios2-elf/5.3.0/../../../../../H-x86_64-pc-linux-gnu/nios2-elf/lib/pg/libc.a(lib_a-signalr.o)
                0x0000000008025a28                _getpid_r
 .text          0x0000000008025a38        0x0 /package/eda/altera/altera17.0/nios2eds/bin/gnu/H-x86_64-pc-linux-gnu/bin/../lib/gcc/nios2-elf/5.3.0/../../../../../H-x86_64-pc-linux-gnu/nios2-elf/lib/pg/libc.a(lib_a-stdio.o)
 .text.__sread  0x0000000008025a38       0x60 /package/eda/altera/altera17.0/nios2eds/bin/gnu/H-x86_64-pc-linux-gnu/bin/../lib/gcc/nios2-elf/5.3.0/../../../../../H-x86_64-pc-linux-gnu/nios2-elf/lib/pg/libc.a(lib_a-stdio.o)
                0x0000000008025a38                __sread
 .text.__seofread
                0x0000000008025a98       0x14 /package/eda/altera/altera17.0/nios2eds/bin/gnu/H-x86_64-pc-linux-gnu/bin/../lib/gcc/nios2-elf/5.3.0/../../../../../H-x86_64-pc-linux-gnu/nios2-elf/lib/pg/libc.a(lib_a-stdio.o)
                0x0000000008025a98                __seofread
 .text.__swrite
                0x0000000008025aac       0x88 /package/eda/altera/altera17.0/nios2eds/bin/gnu/H-x86_64-pc-linux-gnu/bin/../lib/gcc/nios2-elf/5.3.0/../../../../../H-x86_64-pc-linux-gnu/nios2-elf/lib/pg/libc.a(lib_a-stdio.o)
                0x0000000008025aac                __swrite
 .text.__sseek  0x0000000008025b34       0x68 /package/eda/altera/altera17.0/nios2eds/bin/gnu/H-x86_64-pc-linux-gnu/bin/../lib/gcc/nios2-elf/5.3.0/../../../../../H-x86_64-pc-linux-gnu/nios2-elf/lib/pg/libc.a(lib_a-stdio.o)
                0x0000000008025b34                __sseek
 .text.__sclose
                0x0000000008025b9c       0x14 /package/eda/altera/altera17.0/nios2eds/bin/gnu/H-x86_64-pc-linux-gnu/bin/../lib/gcc/nios2-elf/5.3.0/../../../../../H-x86_64-pc-linux-gnu/nios2-elf/lib/pg/libc.a(lib_a-stdio.o)
                0x0000000008025b9c                __sclose
 .text          0x0000000008025bb0        0x0 /package/eda/altera/altera17.0/nios2eds/bin/gnu/H-x86_64-pc-linux-gnu/bin/../lib/gcc/nios2-elf/5.3.0/../../../../../H-x86_64-pc-linux-gnu/nios2-elf/lib/pg/libc.a(lib_a-strcmp.o)
 .text.strcmp   0x0000000008025bb0       0xe0 /package/eda/altera/altera17.0/nios2eds/bin/gnu/H-x86_64-pc-linux-gnu/bin/../lib/gcc/nios2-elf/5.3.0/../../../../../H-x86_64-pc-linux-gnu/nios2-elf/lib/pg/libc.a(lib_a-strcmp.o)
                0x0000000008025bb0                strcmp
 .text          0x0000000008025c90        0x0 /package/eda/altera/altera17.0/nios2eds/bin/gnu/H-x86_64-pc-linux-gnu/bin/../lib/gcc/nios2-elf/5.3.0/../../../../../H-x86_64-pc-linux-gnu/nios2-elf/lib/pg/libc.a(lib_a-strdup.o)
 .text.strdup   0x0000000008025c90       0x20 /package/eda/altera/altera17.0/nios2eds/bin/gnu/H-x86_64-pc-linux-gnu/bin/../lib/gcc/nios2-elf/5.3.0/../../../../../H-x86_64-pc-linux-gnu/nios2-elf/lib/pg/libc.a(lib_a-strdup.o)
                0x0000000008025c90                strdup
 .text          0x0000000008025cb0        0x0 /package/eda/altera/altera17.0/nios2eds/bin/gnu/H-x86_64-pc-linux-gnu/bin/../lib/gcc/nios2-elf/5.3.0/../../../../../H-x86_64-pc-linux-gnu/nios2-elf/lib/pg/libc.a(lib_a-strdup_r.o)
 .text._strdup_r
                0x0000000008025cb0       0x74 /package/eda/altera/altera17.0/nios2eds/bin/gnu/H-x86_64-pc-linux-gnu/bin/../lib/gcc/nios2-elf/5.3.0/../../../../../H-x86_64-pc-linux-gnu/nios2-elf/lib/pg/libc.a(lib_a-strdup_r.o)
                0x0000000008025cb0                _strdup_r
 .text          0x0000000008025d24        0x0 /package/eda/altera/altera17.0/nios2eds/bin/gnu/H-x86_64-pc-linux-gnu/bin/../lib/gcc/nios2-elf/5.3.0/../../../../../H-x86_64-pc-linux-gnu/nios2-elf/lib/pg/libc.a(lib_a-strlen.o)
 .text.strlen   0x0000000008025d24       0xa4 /package/eda/altera/altera17.0/nios2eds/bin/gnu/H-x86_64-pc-linux-gnu/bin/../lib/gcc/nios2-elf/5.3.0/../../../../../H-x86_64-pc-linux-gnu/nios2-elf/lib/pg/libc.a(lib_a-strlen.o)
                0x0000000008025d24                strlen
 .text          0x0000000008025dc8        0x0 /package/eda/altera/altera17.0/nios2eds/bin/gnu/H-x86_64-pc-linux-gnu/bin/../lib/gcc/nios2-elf/5.3.0/../../../../../H-x86_64-pc-linux-gnu/nios2-elf/lib/pg/libc.a(lib_a-strncmp.o)
 .text.strncmp  0x0000000008025dc8       0xdc /package/eda/altera/altera17.0/nios2eds/bin/gnu/H-x86_64-pc-linux-gnu/bin/../lib/gcc/nios2-elf/5.3.0/../../../../../H-x86_64-pc-linux-gnu/nios2-elf/lib/pg/libc.a(lib_a-strncmp.o)
                0x0000000008025dc8                strncmp
 .text          0x0000000008025ea4        0x0 /package/eda/altera/altera17.0/nios2eds/bin/gnu/H-x86_64-pc-linux-gnu/bin/../lib/gcc/nios2-elf/5.3.0/../../../../../H-x86_64-pc-linux-gnu/nios2-elf/lib/pg/libc.a(lib_a-strtod.o)
 .text.sulp     0x0000000008025ea4       0x70 /package/eda/altera/altera17.0/nios2eds/bin/gnu/H-x86_64-pc-linux-gnu/bin/../lib/gcc/nios2-elf/5.3.0/../../../../../H-x86_64-pc-linux-gnu/nios2-elf/lib/pg/libc.a(lib_a-strtod.o)
 .text._strtod_r
                0x0000000008025f14     0x1604 /package/eda/altera/altera17.0/nios2eds/bin/gnu/H-x86_64-pc-linux-gnu/bin/../lib/gcc/nios2-elf/5.3.0/../../../../../H-x86_64-pc-linux-gnu/nios2-elf/lib/pg/libc.a(lib_a-strtod.o)
                0x0000000008025f14                _strtod_r
 .text.strtod   0x0000000008027518       0x24 /package/eda/altera/altera17.0/nios2eds/bin/gnu/H-x86_64-pc-linux-gnu/bin/../lib/gcc/nios2-elf/5.3.0/../../../../../H-x86_64-pc-linux-gnu/nios2-elf/lib/pg/libc.a(lib_a-strtod.o)
                0x0000000008027518                strtod
 .text.strtof   0x000000000802753c      0x10c /package/eda/altera/altera17.0/nios2eds/bin/gnu/H-x86_64-pc-linux-gnu/bin/../lib/gcc/nios2-elf/5.3.0/../../../../../H-x86_64-pc-linux-gnu/nios2-elf/lib/pg/libc.a(lib_a-strtod.o)
                0x000000000802753c                strtof
 .text          0x0000000008027648        0x0 /package/eda/altera/altera17.0/nios2eds/bin/gnu/H-x86_64-pc-linux-gnu/bin/../lib/gcc/nios2-elf/5.3.0/../../../../../H-x86_64-pc-linux-gnu/nios2-elf/lib/pg/libc.a(lib_a-vfiprintfr_1.o)
 .text._vfiprintf_r
                0x0000000008027648       0x24 /package/eda/altera/altera17.0/nios2eds/bin/gnu/H-x86_64-pc-linux-gnu/bin/../lib/gcc/nios2-elf/5.3.0/../../../../../H-x86_64-pc-linux-gnu/nios2-elf/lib/pg/libc.a(lib_a-vfiprintfr_1.o)
                0x0000000008027648                _vfiprintf_r
 .text          0x000000000802766c        0x0 /package/eda/altera/altera17.0/nios2eds/bin/gnu/H-x86_64-pc-linux-gnu/bin/../lib/gcc/nios2-elf/5.3.0/../../../../../H-x86_64-pc-linux-gnu/nios2-elf/lib/pg/libc.a(lib_a-vfprintf.o)
 .text.___vfprintf_internal_r
                0x000000000802766c     0x2204 /package/eda/altera/altera17.0/nios2eds/bin/gnu/H-x86_64-pc-linux-gnu/bin/../lib/gcc/nios2-elf/5.3.0/../../../../../H-x86_64-pc-linux-gnu/nios2-elf/lib/pg/libc.a(lib_a-vfprintf.o)
                0x000000000802766c                ___vfprintf_internal_r
 .text.__vfprintf_internal
                0x0000000008029870       0x28 /package/eda/altera/altera17.0/nios2eds/bin/gnu/H-x86_64-pc-linux-gnu/bin/../lib/gcc/nios2-elf/5.3.0/../../../../../H-x86_64-pc-linux-gnu/nios2-elf/lib/pg/libc.a(lib_a-vfprintf.o)
                0x0000000008029870                __vfprintf_internal
 .text.__sbprintf
                0x0000000008029898       0xc8 /package/eda/altera/altera17.0/nios2eds/bin/gnu/H-x86_64-pc-linux-gnu/bin/../lib/gcc/nios2-elf/5.3.0/../../../../../H-x86_64-pc-linux-gnu/nios2-elf/lib/pg/libc.a(lib_a-vfprintf.o)
 .text          0x0000000008029960        0x0 /package/eda/altera/altera17.0/nios2eds/bin/gnu/H-x86_64-pc-linux-gnu/bin/../lib/gcc/nios2-elf/5.3.0/../../../../../H-x86_64-pc-linux-gnu/nios2-elf/lib/pg/libc.a(lib_a-wbuf.o)
 .text.__swbuf_r
                0x0000000008029960      0x14c /package/eda/altera/altera17.0/nios2eds/bin/gnu/H-x86_64-pc-linux-gnu/bin/../lib/gcc/nios2-elf/5.3.0/../../../../../H-x86_64-pc-linux-gnu/nios2-elf/lib/pg/libc.a(lib_a-wbuf.o)
                0x0000000008029960                __swbuf_r
 .text.__swbuf  0x0000000008029aac       0x24 /package/eda/altera/altera17.0/nios2eds/bin/gnu/H-x86_64-pc-linux-gnu/bin/../lib/gcc/nios2-elf/5.3.0/../../../../../H-x86_64-pc-linux-gnu/nios2-elf/lib/pg/libc.a(lib_a-wbuf.o)
                0x0000000008029aac                __swbuf
 .text          0x0000000008029ad0        0x0 /package/eda/altera/altera17.0/nios2eds/bin/gnu/H-x86_64-pc-linux-gnu/bin/../lib/gcc/nios2-elf/5.3.0/../../../../../H-x86_64-pc-linux-gnu/nios2-elf/lib/pg/libc.a(lib_a-writer.o)
 .text._write_r
                0x0000000008029ad0       0x6c /package/eda/altera/altera17.0/nios2eds/bin/gnu/H-x86_64-pc-linux-gnu/bin/../lib/gcc/nios2-elf/5.3.0/../../../../../H-x86_64-pc-linux-gnu/nios2-elf/lib/pg/libc.a(lib_a-writer.o)
                0x0000000008029ad0                _write_r
 .text          0x0000000008029b3c        0x0 /package/eda/altera/altera17.0/nios2eds/bin/gnu/H-x86_64-pc-linux-gnu/bin/../lib/gcc/nios2-elf/5.3.0/../../../../../H-x86_64-pc-linux-gnu/nios2-elf/lib/pg/libc.a(lib_a-wsetup.o)
 .text.__swsetup_r
                0x0000000008029b3c      0x160 /package/eda/altera/altera17.0/nios2eds/bin/gnu/H-x86_64-pc-linux-gnu/bin/../lib/gcc/nios2-elf/5.3.0/../../../../../H-x86_64-pc-linux-gnu/nios2-elf/lib/pg/libc.a(lib_a-wsetup.o)
                0x0000000008029b3c                __swsetup_r
 .text          0x0000000008029c9c        0x0 /package/eda/altera/altera17.0/nios2eds/bin/gnu/H-x86_64-pc-linux-gnu/bin/../lib/gcc/nios2-elf/5.3.0/../../../../../H-x86_64-pc-linux-gnu/nios2-elf/lib/pg/libc.a(closer.o)
 .text._close_r
                0x0000000008029c9c       0x60 /package/eda/altera/altera17.0/nios2eds/bin/gnu/H-x86_64-pc-linux-gnu/bin/../lib/gcc/nios2-elf/5.3.0/../../../../../H-x86_64-pc-linux-gnu/nios2-elf/lib/pg/libc.a(closer.o)
                0x0000000008029c9c                _close_r
 .text          0x0000000008029cfc        0x0 /package/eda/altera/altera17.0/nios2eds/bin/gnu/H-x86_64-pc-linux-gnu/bin/../lib/gcc/nios2-elf/5.3.0/../../../../../H-x86_64-pc-linux-gnu/nios2-elf/lib/pg/libc.a(lib_a-__call_atexit.o)
 .text.__call_exitprocs
                0x0000000008029cfc      0x18c /package/eda/altera/altera17.0/nios2eds/bin/gnu/H-x86_64-pc-linux-gnu/bin/../lib/gcc/nios2-elf/5.3.0/../../../../../H-x86_64-pc-linux-gnu/nios2-elf/lib/pg/libc.a(lib_a-__call_atexit.o)
                0x0000000008029cfc                __call_exitprocs
 .text          0x0000000008029e88        0x0 /package/eda/altera/altera17.0/nios2eds/bin/gnu/H-x86_64-pc-linux-gnu/bin/../lib/gcc/nios2-elf/5.3.0/../../../../../H-x86_64-pc-linux-gnu/nios2-elf/lib/pg/libc.a(lib_a-dtoa.o)
 .text.quorem   0x0000000008029e88      0x20c /package/eda/altera/altera17.0/nios2eds/bin/gnu/H-x86_64-pc-linux-gnu/bin/../lib/gcc/nios2-elf/5.3.0/../../../../../H-x86_64-pc-linux-gnu/nios2-elf/lib/pg/libc.a(lib_a-dtoa.o)
 .text._dtoa_r  0x000000000802a094     0x1694 /package/eda/altera/altera17.0/nios2eds/bin/gnu/H-x86_64-pc-linux-gnu/bin/../lib/gcc/nios2-elf/5.3.0/../../../../../H-x86_64-pc-linux-gnu/nios2-elf/lib/pg/libc.a(lib_a-dtoa.o)
                0x000000000802a094                _dtoa_r
 .text          0x000000000802b728        0x0 /package/eda/altera/altera17.0/nios2eds/bin/gnu/H-x86_64-pc-linux-gnu/bin/../lib/gcc/nios2-elf/5.3.0/../../../../../H-x86_64-pc-linux-gnu/nios2-elf/lib/pg/libc.a(lib_a-flags.o)
 .text.__sflags
                0x000000000802b728       0xb8 /package/eda/altera/altera17.0/nios2eds/bin/gnu/H-x86_64-pc-linux-gnu/bin/../lib/gcc/nios2-elf/5.3.0/../../../../../H-x86_64-pc-linux-gnu/nios2-elf/lib/pg/libc.a(lib_a-flags.o)
                0x000000000802b728                __sflags
 .text          0x000000000802b7e0        0x0 /package/eda/altera/altera17.0/nios2eds/bin/gnu/H-x86_64-pc-linux-gnu/bin/../lib/gcc/nios2-elf/5.3.0/../../../../../H-x86_64-pc-linux-gnu/nios2-elf/lib/pg/libc.a(lib_a-gdtoa-gethex.o)
 .text.rshift   0x000000000802b7e0      0x10c /package/eda/altera/altera17.0/nios2eds/bin/gnu/H-x86_64-pc-linux-gnu/bin/../lib/gcc/nios2-elf/5.3.0/../../../../../H-x86_64-pc-linux-gnu/nios2-elf/lib/pg/libc.a(lib_a-gdtoa-gethex.o)
 .text.__gethex
                0x000000000802b8ec      0x83c /package/eda/altera/altera17.0/nios2eds/bin/gnu/H-x86_64-pc-linux-gnu/bin/../lib/gcc/nios2-elf/5.3.0/../../../../../H-x86_64-pc-linux-gnu/nios2-elf/lib/pg/libc.a(lib_a-gdtoa-gethex.o)
                0x000000000802b8ec                __gethex
 .text          0x000000000802c128        0x0 /package/eda/altera/altera17.0/nios2eds/bin/gnu/H-x86_64-pc-linux-gnu/bin/../lib/gcc/nios2-elf/5.3.0/../../../../../H-x86_64-pc-linux-gnu/nios2-elf/lib/pg/libc.a(lib_a-gdtoa-hexnan.o)
 .text.__hexnan
                0x000000000802c128      0x268 /package/eda/altera/altera17.0/nios2eds/bin/gnu/H-x86_64-pc-linux-gnu/bin/../lib/gcc/nios2-elf/5.3.0/../../../../../H-x86_64-pc-linux-gnu/nios2-elf/lib/pg/libc.a(lib_a-gdtoa-hexnan.o)
                0x000000000802c128                __hexnan
 .text          0x000000000802c390        0x0 /package/eda/altera/altera17.0/nios2eds/bin/gnu/H-x86_64-pc-linux-gnu/bin/../lib/gcc/nios2-elf/5.3.0/../../../../../H-x86_64-pc-linux-gnu/nios2-elf/lib/pg/libc.a(lib_a-isattyr.o)
 .text._isatty_r
                0x000000000802c390       0x60 /package/eda/altera/altera17.0/nios2eds/bin/gnu/H-x86_64-pc-linux-gnu/bin/../lib/gcc/nios2-elf/5.3.0/../../../../../H-x86_64-pc-linux-gnu/nios2-elf/lib/pg/libc.a(lib_a-isattyr.o)
                0x000000000802c390                _isatty_r
 .text          0x000000000802c3f0        0x0 /package/eda/altera/altera17.0/nios2eds/bin/gnu/H-x86_64-pc-linux-gnu/bin/../lib/gcc/nios2-elf/5.3.0/../../../../../H-x86_64-pc-linux-gnu/nios2-elf/lib/pg/libc.a(lib_a-locale.o)
 .text._setlocale_r
                0x000000000802c3f0       0x88 /package/eda/altera/altera17.0/nios2eds/bin/gnu/H-x86_64-pc-linux-gnu/bin/../lib/gcc/nios2-elf/5.3.0/../../../../../H-x86_64-pc-linux-gnu/nios2-elf/lib/pg/libc.a(lib_a-locale.o)
                0x000000000802c3f0                _setlocale_r
 .text.__locale_charset
                0x000000000802c478       0x18 /package/eda/altera/altera17.0/nios2eds/bin/gnu/H-x86_64-pc-linux-gnu/bin/../lib/gcc/nios2-elf/5.3.0/../../../../../H-x86_64-pc-linux-gnu/nios2-elf/lib/pg/libc.a(lib_a-locale.o)
                0x000000000802c478                __locale_charset
 .text.__locale_mb_cur_max
                0x000000000802c490       0x1c /package/eda/altera/altera17.0/nios2eds/bin/gnu/H-x86_64-pc-linux-gnu/bin/../lib/gcc/nios2-elf/5.3.0/../../../../../H-x86_64-pc-linux-gnu/nios2-elf/lib/pg/libc.a(lib_a-locale.o)
                0x000000000802c490                __locale_mb_cur_max
 .text.__locale_msgcharset
                0x000000000802c4ac       0x18 /package/eda/altera/altera17.0/nios2eds/bin/gnu/H-x86_64-pc-linux-gnu/bin/../lib/gcc/nios2-elf/5.3.0/../../../../../H-x86_64-pc-linux-gnu/nios2-elf/lib/pg/libc.a(lib_a-locale.o)
                0x000000000802c4ac                __locale_msgcharset
 .text.__locale_cjk_lang
                0x000000000802c4c4       0x14 /package/eda/altera/altera17.0/nios2eds/bin/gnu/H-x86_64-pc-linux-gnu/bin/../lib/gcc/nios2-elf/5.3.0/../../../../../H-x86_64-pc-linux-gnu/nios2-elf/lib/pg/libc.a(lib_a-locale.o)
                0x000000000802c4c4                __locale_cjk_lang
 .text._localeconv_r
                0x000000000802c4d8       0x18 /package/eda/altera/altera17.0/nios2eds/bin/gnu/H-x86_64-pc-linux-gnu/bin/../lib/gcc/nios2-elf/5.3.0/../../../../../H-x86_64-pc-linux-gnu/nios2-elf/lib/pg/libc.a(lib_a-locale.o)
                0x000000000802c4d8                _localeconv_r
 .text.setlocale
                0x000000000802c4f0       0x24 /package/eda/altera/altera17.0/nios2eds/bin/gnu/H-x86_64-pc-linux-gnu/bin/../lib/gcc/nios2-elf/5.3.0/../../../../../H-x86_64-pc-linux-gnu/nios2-elf/lib/pg/libc.a(lib_a-locale.o)
                0x000000000802c4f0                setlocale
 .text.localeconv
                0x000000000802c514       0x18 /package/eda/altera/altera17.0/nios2eds/bin/gnu/H-x86_64-pc-linux-gnu/bin/../lib/gcc/nios2-elf/5.3.0/../../../../../H-x86_64-pc-linux-gnu/nios2-elf/lib/pg/libc.a(lib_a-locale.o)
                0x000000000802c514                localeconv
 .text          0x000000000802c52c        0x0 /package/eda/altera/altera17.0/nios2eds/bin/gnu/H-x86_64-pc-linux-gnu/bin/../lib/gcc/nios2-elf/5.3.0/../../../../../H-x86_64-pc-linux-gnu/nios2-elf/lib/pg/libc.a(lib_a-lseekr.o)
 .text._lseek_r
                0x000000000802c52c       0x6c /package/eda/altera/altera17.0/nios2eds/bin/gnu/H-x86_64-pc-linux-gnu/bin/../lib/gcc/nios2-elf/5.3.0/../../../../../H-x86_64-pc-linux-gnu/nios2-elf/lib/pg/libc.a(lib_a-lseekr.o)
                0x000000000802c52c                _lseek_r
 .text          0x000000000802c598        0x0 /package/eda/altera/altera17.0/nios2eds/bin/gnu/H-x86_64-pc-linux-gnu/bin/../lib/gcc/nios2-elf/5.3.0/../../../../../H-x86_64-pc-linux-gnu/nios2-elf/lib/pg/libc.a(lib_a-mprec.o)
 .text._Balloc  0x000000000802c598       0xb4 /package/eda/altera/altera17.0/nios2eds/bin/gnu/H-x86_64-pc-linux-gnu/bin/../lib/gcc/nios2-elf/5.3.0/../../../../../H-x86_64-pc-linux-gnu/nios2-elf/lib/pg/libc.a(lib_a-mprec.o)
                0x000000000802c598                _Balloc
 .text._Bfree   0x000000000802c64c       0x34 /package/eda/altera/altera17.0/nios2eds/bin/gnu/H-x86_64-pc-linux-gnu/bin/../lib/gcc/nios2-elf/5.3.0/../../../../../H-x86_64-pc-linux-gnu/nios2-elf/lib/pg/libc.a(lib_a-mprec.o)
                0x000000000802c64c                _Bfree
 .text.__multadd
                0x000000000802c680      0x12c /package/eda/altera/altera17.0/nios2eds/bin/gnu/H-x86_64-pc-linux-gnu/bin/../lib/gcc/nios2-elf/5.3.0/../../../../../H-x86_64-pc-linux-gnu/nios2-elf/lib/pg/libc.a(lib_a-mprec.o)
                0x000000000802c680                __multadd
 .text.__s2b    0x000000000802c7ac      0x110 /package/eda/altera/altera17.0/nios2eds/bin/gnu/H-x86_64-pc-linux-gnu/bin/../lib/gcc/nios2-elf/5.3.0/../../../../../H-x86_64-pc-linux-gnu/nios2-elf/lib/pg/libc.a(lib_a-mprec.o)
                0x000000000802c7ac                __s2b
 .text.__hi0bits
                0x000000000802c8bc       0x74 /package/eda/altera/altera17.0/nios2eds/bin/gnu/H-x86_64-pc-linux-gnu/bin/../lib/gcc/nios2-elf/5.3.0/../../../../../H-x86_64-pc-linux-gnu/nios2-elf/lib/pg/libc.a(lib_a-mprec.o)
                0x000000000802c8bc                __hi0bits
 .text.__lo0bits
                0x000000000802c930       0xbc /package/eda/altera/altera17.0/nios2eds/bin/gnu/H-x86_64-pc-linux-gnu/bin/../lib/gcc/nios2-elf/5.3.0/../../../../../H-x86_64-pc-linux-gnu/nios2-elf/lib/pg/libc.a(lib_a-mprec.o)
                0x000000000802c930                __lo0bits
 .text.__i2b    0x000000000802c9ec       0x48 /package/eda/altera/altera17.0/nios2eds/bin/gnu/H-x86_64-pc-linux-gnu/bin/../lib/gcc/nios2-elf/5.3.0/../../../../../H-x86_64-pc-linux-gnu/nios2-elf/lib/pg/libc.a(lib_a-mprec.o)
                0x000000000802c9ec                __i2b
 .text.__multiply
                0x000000000802ca34      0x204 /package/eda/altera/altera17.0/nios2eds/bin/gnu/H-x86_64-pc-linux-gnu/bin/../lib/gcc/nios2-elf/5.3.0/../../../../../H-x86_64-pc-linux-gnu/nios2-elf/lib/pg/libc.a(lib_a-mprec.o)
                0x000000000802ca34                __multiply
 .text.__pow5mult
                0x000000000802cc38      0x14c /package/eda/altera/altera17.0/nios2eds/bin/gnu/H-x86_64-pc-linux-gnu/bin/../lib/gcc/nios2-elf/5.3.0/../../../../../H-x86_64-pc-linux-gnu/nios2-elf/lib/pg/libc.a(lib_a-mprec.o)
                0x000000000802cc38                __pow5mult
 .text.__lshift
                0x000000000802cd84      0x154 /package/eda/altera/altera17.0/nios2eds/bin/gnu/H-x86_64-pc-linux-gnu/bin/../lib/gcc/nios2-elf/5.3.0/../../../../../H-x86_64-pc-linux-gnu/nios2-elf/lib/pg/libc.a(lib_a-mprec.o)
                0x000000000802cd84                __lshift
 .text.__mcmp   0x000000000802ced8       0x6c /package/eda/altera/altera17.0/nios2eds/bin/gnu/H-x86_64-pc-linux-gnu/bin/../lib/gcc/nios2-elf/5.3.0/../../../../../H-x86_64-pc-linux-gnu/nios2-elf/lib/pg/libc.a(lib_a-mprec.o)
                0x000000000802ced8                __mcmp
 .text.__mdiff  0x000000000802cf44      0x208 /package/eda/altera/altera17.0/nios2eds/bin/gnu/H-x86_64-pc-linux-gnu/bin/../lib/gcc/nios2-elf/5.3.0/../../../../../H-x86_64-pc-linux-gnu/nios2-elf/lib/pg/libc.a(lib_a-mprec.o)
                0x000000000802cf44                __mdiff
 .text.__ulp    0x000000000802d14c       0x6c /package/eda/altera/altera17.0/nios2eds/bin/gnu/H-x86_64-pc-linux-gnu/bin/../lib/gcc/nios2-elf/5.3.0/../../../../../H-x86_64-pc-linux-gnu/nios2-elf/lib/pg/libc.a(lib_a-mprec.o)
                0x000000000802d14c                __ulp
 .text.__b2d    0x000000000802d1b8      0x118 /package/eda/altera/altera17.0/nios2eds/bin/gnu/H-x86_64-pc-linux-gnu/bin/../lib/gcc/nios2-elf/5.3.0/../../../../../H-x86_64-pc-linux-gnu/nios2-elf/lib/pg/libc.a(lib_a-mprec.o)
                0x000000000802d1b8                __b2d
 .text.__d2b    0x000000000802d2d0      0x158 /package/eda/altera/altera17.0/nios2eds/bin/gnu/H-x86_64-pc-linux-gnu/bin/../lib/gcc/nios2-elf/5.3.0/../../../../../H-x86_64-pc-linux-gnu/nios2-elf/lib/pg/libc.a(lib_a-mprec.o)
                0x000000000802d2d0                __d2b
 .text.__ratio  0x000000000802d428       0xb0 /package/eda/altera/altera17.0/nios2eds/bin/gnu/H-x86_64-pc-linux-gnu/bin/../lib/gcc/nios2-elf/5.3.0/../../../../../H-x86_64-pc-linux-gnu/nios2-elf/lib/pg/libc.a(lib_a-mprec.o)
                0x000000000802d428                __ratio
 .text._mprec_log10
                0x000000000802d4d8       0x80 /package/eda/altera/altera17.0/nios2eds/bin/gnu/H-x86_64-pc-linux-gnu/bin/../lib/gcc/nios2-elf/5.3.0/../../../../../H-x86_64-pc-linux-gnu/nios2-elf/lib/pg/libc.a(lib_a-mprec.o)
                0x000000000802d4d8                _mprec_log10
 .text.__copybits
                0x000000000802d558       0x84 /package/eda/altera/altera17.0/nios2eds/bin/gnu/H-x86_64-pc-linux-gnu/bin/../lib/gcc/nios2-elf/5.3.0/../../../../../H-x86_64-pc-linux-gnu/nios2-elf/lib/pg/libc.a(lib_a-mprec.o)
                0x000000000802d558                __copybits
 .text.__any_on
                0x000000000802d5dc       0x94 /package/eda/altera/altera17.0/nios2eds/bin/gnu/H-x86_64-pc-linux-gnu/bin/../lib/gcc/nios2-elf/5.3.0/../../../../../H-x86_64-pc-linux-gnu/nios2-elf/lib/pg/libc.a(lib_a-mprec.o)
                0x000000000802d5dc                __any_on
 .text          0x000000000802d670        0x0 /package/eda/altera/altera17.0/nios2eds/bin/gnu/H-x86_64-pc-linux-gnu/bin/../lib/gcc/nios2-elf/5.3.0/../../../../../H-x86_64-pc-linux-gnu/nios2-elf/lib/pg/libc.a(lib_a-readr.o)
 .text._read_r  0x000000000802d670       0x6c /package/eda/altera/altera17.0/nios2eds/bin/gnu/H-x86_64-pc-linux-gnu/bin/../lib/gcc/nios2-elf/5.3.0/../../../../../H-x86_64-pc-linux-gnu/nios2-elf/lib/pg/libc.a(lib_a-readr.o)
                0x000000000802d670                _read_r
 .text          0x000000000802d6dc        0x0 /package/eda/altera/altera17.0/nios2eds/bin/gnu/H-x86_64-pc-linux-gnu/bin/../lib/gcc/nios2-elf/5.3.0/../../../../../H-x86_64-pc-linux-gnu/nios2-elf/lib/pg/libc.a(lib_a-vfiprintf.o)
 .text.__sprint_r.part.0
                0x000000000802d6dc      0x108 /package/eda/altera/altera17.0/nios2eds/bin/gnu/H-x86_64-pc-linux-gnu/bin/../lib/gcc/nios2-elf/5.3.0/../../../../../H-x86_64-pc-linux-gnu/nios2-elf/lib/pg/libc.a(lib_a-vfiprintf.o)
 .text.__sprint_r
                0x000000000802d7e4       0x24 /package/eda/altera/altera17.0/nios2eds/bin/gnu/H-x86_64-pc-linux-gnu/bin/../lib/gcc/nios2-elf/5.3.0/../../../../../H-x86_64-pc-linux-gnu/nios2-elf/lib/pg/libc.a(lib_a-vfiprintf.o)
                0x000000000802d7e4                __sprint_r
 .text.___vfiprintf_internal_r
                0x000000000802d808     0x1468 /package/eda/altera/altera17.0/nios2eds/bin/gnu/H-x86_64-pc-linux-gnu/bin/../lib/gcc/nios2-elf/5.3.0/../../../../../H-x86_64-pc-linux-gnu/nios2-elf/lib/pg/libc.a(lib_a-vfiprintf.o)
                0x000000000802d808                ___vfiprintf_internal_r
 .text.__vfiprintf_internal
                0x000000000802ec70       0x28 /package/eda/altera/altera17.0/nios2eds/bin/gnu/H-x86_64-pc-linux-gnu/bin/../lib/gcc/nios2-elf/5.3.0/../../../../../H-x86_64-pc-linux-gnu/nios2-elf/lib/pg/libc.a(lib_a-vfiprintf.o)
                0x000000000802ec70                __vfiprintf_internal
 .text.__sbprintf
                0x000000000802ec98       0xc8 /package/eda/altera/altera17.0/nios2eds/bin/gnu/H-x86_64-pc-linux-gnu/bin/../lib/gcc/nios2-elf/5.3.0/../../../../../H-x86_64-pc-linux-gnu/nios2-elf/lib/pg/libc.a(lib_a-vfiprintf.o)
 .text          0x000000000802ed60        0x0 /package/eda/altera/altera17.0/nios2eds/bin/gnu/H-x86_64-pc-linux-gnu/bin/../lib/gcc/nios2-elf/5.3.0/../../../../../H-x86_64-pc-linux-gnu/nios2-elf/lib/pg/libc.a(lib_a-fputwc.o)
 .text.__fputwc
                0x000000000802ed60      0x170 /package/eda/altera/altera17.0/nios2eds/bin/gnu/H-x86_64-pc-linux-gnu/bin/../lib/gcc/nios2-elf/5.3.0/../../../../../H-x86_64-pc-linux-gnu/nios2-elf/lib/pg/libc.a(lib_a-fputwc.o)
                0x000000000802ed60                __fputwc
 .text._fputwc_r
                0x000000000802eed0       0x30 /package/eda/altera/altera17.0/nios2eds/bin/gnu/H-x86_64-pc-linux-gnu/bin/../lib/gcc/nios2-elf/5.3.0/../../../../../H-x86_64-pc-linux-gnu/nios2-elf/lib/pg/libc.a(lib_a-fputwc.o)
                0x000000000802eed0                _fputwc_r
 .text.fputwc   0x000000000802ef00       0x8c /package/eda/altera/altera17.0/nios2eds/bin/gnu/H-x86_64-pc-linux-gnu/bin/../lib/gcc/nios2-elf/5.3.0/../../../../../H-x86_64-pc-linux-gnu/nios2-elf/lib/pg/libc.a(lib_a-fputwc.o)
                0x000000000802ef00                fputwc